
Current cluster status:
Node srv02 (71085d5e-1c63-49e0-8c8c-400d610b4182): UNCLEAN (offline)
Online: [ srv01 srv03 srv04 ]

 Resource Group: Group01
     Dummy01	(ocf::heartbeat:Dummy):	Stopped 
 Resource Group: Group02
     Dummy02	(ocf::heartbeat:Dummy):	Started srv02
 Resource Group: Group03
     Dummy03	(ocf::heartbeat:Dummy):	Started srv03
 Clone Set: clnStonith1 [grpStonith1]
     Started: [ srv04 srv02 srv03 ]
     Stopped: [ grpStonith1:3 ]
 Clone Set: clnStonith2 [grpStonith2]
     Started: [ srv01 srv04 srv03 ]
     Stopped: [ grpStonith2:3 ]
 Clone Set: clnStonith3 [grpStonith3]
     Resource Group: grpStonith3:1
         prmStonith3-1:1	(stonith:external/stonith-helper):	Started srv01
         prmStonith3-3:1	(stonith:external/ssh):	Stopped 
     Started: [ srv04 srv02 ]
     Stopped: [ grpStonith3:0 ]
 Clone Set: clnStonith4 [grpStonith4]
     Started: [ srv01 srv03 srv02 ]
     Stopped: [ grpStonith4:0 ]

Transition Summary:
 * Start   Dummy01	(srv01)
 * Move    Dummy02	(Started srv02 -> srv04)
 * Stop    prmStonith1-1:1	(srv02)
 * Stop    prmStonith1-3:1	(srv02)
 * Start   prmStonith3-3:1	(srv01)
 * Stop    prmStonith3-1:3	(srv02)
 * Stop    prmStonith3-3:3	(srv02)
 * Stop    prmStonith4-1:3	(srv02)
 * Stop    prmStonith4-3:3	(srv02)

Executing cluster transition:
 * Pseudo action:   Group01_start_0
 * Pseudo action:   clnStonith1_stop_0
 * Resource action: prmStonith3-1:1 monitor=3600000 on srv01
 * Pseudo action:   clnStonith3_stop_0
 * Pseudo action:   clnStonith4_stop_0
 * Pseudo action:   grpStonith1:1_stop_0
 * Pseudo action:   prmStonith1-3:1_stop_0
 * Pseudo action:   grpStonith3:3_stop_0
 * Pseudo action:   prmStonith3-3:1_stop_0
 * Pseudo action:   grpStonith4:3_stop_0
 * Pseudo action:   prmStonith4-3:1_stop_0
 * Pseudo action:   prmStonith1-1:1_stop_0
 * Pseudo action:   prmStonith3-1:1_stop_0
 * Pseudo action:   prmStonith4-1:1_stop_0
 * Pseudo action:   grpStonith1:1_stopped_0
 * Pseudo action:   clnStonith1_stopped_0
 * Pseudo action:   grpStonith3:3_stopped_0
 * Pseudo action:   clnStonith3_stopped_0
 * Pseudo action:   clnStonith3_start_0
 * Pseudo action:   grpStonith4:3_stopped_0
 * Pseudo action:   clnStonith4_stopped_0
 * Pseudo action:   grpStonith3:1_start_0
 * Resource action: prmStonith3-3:1 start on srv01
 * Pseudo action:   stonith_up
 * Pseudo action:   grpStonith3:1_running_0
 * Resource action: prmStonith3-3:1 monitor=3600000 on srv01
 * Pseudo action:   clnStonith3_running_0
 * Fencing srv02
 * Pseudo action:   stonith_complete
 * Resource action: Dummy01         start on srv01
 * Pseudo action:   Group02_stop_0
 * Pseudo action:   Dummy02_stop_0
 * Pseudo action:   all_stopped
 * Pseudo action:   Group01_running_0
 * Resource action: Dummy01         monitor=10000 on srv01
 * Pseudo action:   Group02_stopped_0
 * Pseudo action:   Group02_start_0
 * Resource action: Dummy02         start on srv04
 * Pseudo action:   Group02_running_0
 * Resource action: Dummy02         monitor=10000 on srv04

Revised cluster status:
Online: [ srv01 srv03 srv04 ]
OFFLINE: [ srv02 ]

 Resource Group: Group01
     Dummy01	(ocf::heartbeat:Dummy):	Started srv01
 Resource Group: Group02
     Dummy02	(ocf::heartbeat:Dummy):	Started srv04
 Resource Group: Group03
     Dummy03	(ocf::heartbeat:Dummy):	Started srv03
 Clone Set: clnStonith1 [grpStonith1]
     Started: [ srv04 srv03 ]
     Stopped: [ grpStonith1:1 grpStonith1:3 ]
 Clone Set: clnStonith2 [grpStonith2]
     Started: [ srv01 srv04 srv03 ]
     Stopped: [ grpStonith2:3 ]
 Clone Set: clnStonith3 [grpStonith3]
     Started: [ srv01 srv04 ]
     Stopped: [ grpStonith3:0 grpStonith3:3 ]
 Clone Set: clnStonith4 [grpStonith4]
     Started: [ srv01 srv03 ]
     Stopped: [ grpStonith4:0 grpStonith4:3 ]

