
Current cluster status:
Node gluster03.h: standby
Online: [ gluster01.h gluster02.h ]
OFFLINE: [ gluster04.h ]

 Master/Slave Set: ms_stateful [g_stateful]
     Resource Group: g_stateful:0
         p_stateful1:0	(ocf::pacemaker:Stateful):	Started gluster01.h
         p_stateful2:0	(ocf::pacemaker:Stateful):	Stopped 
     Resource Group: g_stateful:1
         p_stateful1:1	(ocf::pacemaker:Stateful):	Started gluster02.h
         p_stateful2:1	(ocf::pacemaker:Stateful):	Stopped 
     Stopped: [ gluster03.h gluster04.h ]
 Clone Set: c_dummy [p_dummy1]
     Started: [ gluster01.h gluster02.h ]
     Stopped: [ gluster03.h gluster04.h ]

Transition Summary:
 * Promote p_stateful1:0	(Slave -> Master gluster01.h)
 * Start   p_stateful2:0	(gluster01.h)
 * Promote p_stateful2:0	(Stopped -> Master gluster01.h)
 * Start   p_stateful2:1	(gluster02.h)

Executing cluster transition:
 * Pseudo action:   ms_stateful_pre_notify_start_0
 * Resource action: iptest          delete on gluster02.h
 * Resource action: ipsrc2          delete on gluster02.h
 * Resource action: p_stateful1:0   notify on gluster01.h
 * Resource action: p_stateful1:1   notify on gluster02.h
 * Pseudo action:   ms_stateful_confirmed-pre_notify_start_0
 * Pseudo action:   ms_stateful_start_0
 * Pseudo action:   g_stateful:0_start_0
 * Resource action: p_stateful2:0   start on gluster01.h
 * Pseudo action:   g_stateful:1_start_0
 * Resource action: p_stateful2:1   start on gluster02.h
 * Pseudo action:   g_stateful:0_running_0
 * Pseudo action:   g_stateful:1_running_0
 * Pseudo action:   ms_stateful_running_0
 * Pseudo action:   ms_stateful_post_notify_running_0
 * Resource action: p_stateful1:0   notify on gluster01.h
 * Resource action: p_stateful2:0   notify on gluster01.h
 * Resource action: p_stateful1:1   notify on gluster02.h
 * Resource action: p_stateful2:1   notify on gluster02.h
 * Pseudo action:   ms_stateful_confirmed-post_notify_running_0
 * Pseudo action:   ms_stateful_pre_notify_promote_0
 * Resource action: p_stateful1:0   notify on gluster01.h
 * Resource action: p_stateful2:0   notify on gluster01.h
 * Resource action: p_stateful1:1   notify on gluster02.h
 * Resource action: p_stateful2:1   notify on gluster02.h
 * Pseudo action:   ms_stateful_confirmed-pre_notify_promote_0
 * Pseudo action:   ms_stateful_promote_0
 * Pseudo action:   g_stateful:0_promote_0
 * Resource action: p_stateful1:0   promote on gluster01.h
 * Resource action: p_stateful2:0   promote on gluster01.h
 * Pseudo action:   g_stateful:0_promoted_0
 * Pseudo action:   ms_stateful_promoted_0
 * Pseudo action:   ms_stateful_post_notify_promoted_0
 * Resource action: p_stateful1:0   notify on gluster01.h
 * Resource action: p_stateful2:0   notify on gluster01.h
 * Resource action: p_stateful1:1   notify on gluster02.h
 * Resource action: p_stateful2:1   notify on gluster02.h
 * Pseudo action:   ms_stateful_confirmed-post_notify_promoted_0
 * Resource action: p_stateful1:1   monitor=10000 on gluster02.h
 * Resource action: p_stateful2:1   monitor=10000 on gluster02.h

Revised cluster status:
Node gluster03.h: standby
Online: [ gluster01.h gluster02.h ]
OFFLINE: [ gluster04.h ]

 Master/Slave Set: ms_stateful [g_stateful]
     Masters: [ gluster01.h ]
     Slaves: [ gluster02.h ]
     Stopped: [ gluster03.h gluster04.h ]
 Clone Set: c_dummy [p_dummy1]
     Started: [ gluster01.h gluster02.h ]
     Stopped: [ gluster03.h gluster04.h ]

