
Current cluster status:
Node rhel7-auto4 (4): standby
Online: [ rhel7-auto1 rhel7-auto2 rhel7-auto3 ]

 shooter	(stonith:fence_xvm):	Started rhel7-auto1 
 Clone Set: A-clone [A]
     Started: [ rhel7-auto4 ]
     Stopped: [ rhel7-auto1 rhel7-auto2 rhel7-auto3 ]
 Clone Set: B-clone [B]
     Started: [ rhel7-auto4 ]
     Stopped: [ rhel7-auto1 rhel7-auto2 rhel7-auto3 ]
 Clone Set: C-clone [C]
     Started: [ rhel7-auto1 rhel7-auto2 rhel7-auto4 ]
     Stopped: [ rhel7-auto3 ]

Transition Summary:
 * Move    A:0	(Started rhel7-auto4 -> rhel7-auto3)
 * Move    B:0	(Started rhel7-auto4 -> rhel7-auto3)
 * Move    C:0	(Started rhel7-auto4 -> rhel7-auto3)

Executing cluster transition:
 * Pseudo action:   C-clone_stop_0
 * Resource action: C               stop on rhel7-auto4
 * Pseudo action:   C-clone_stopped_0
 * Pseudo action:   B-clone_stop_0
 * Resource action: B               stop on rhel7-auto4
 * Pseudo action:   B-clone_stopped_0
 * Pseudo action:   A-clone_stop_0
 * Resource action: A               stop on rhel7-auto4
 * Pseudo action:   A-clone_stopped_0
 * Pseudo action:   A-clone_start_0
 * Pseudo action:   all_stopped
 * Resource action: A               start on rhel7-auto3
 * Pseudo action:   A-clone_running_0
 * Pseudo action:   B-clone_start_0
 * Resource action: A               monitor=10000 on rhel7-auto3
 * Resource action: B               start on rhel7-auto3
 * Pseudo action:   B-clone_running_0
 * Pseudo action:   clone-one-or-more:order-B-clone-C-clone-mandatory
 * Resource action: B               monitor=10000 on rhel7-auto3
 * Pseudo action:   C-clone_start_0
 * Resource action: C               start on rhel7-auto3
 * Pseudo action:   C-clone_running_0
 * Resource action: C               monitor=10000 on rhel7-auto3

Revised cluster status:
Node rhel7-auto4 (4): standby
Online: [ rhel7-auto1 rhel7-auto2 rhel7-auto3 ]

 shooter	(stonith:fence_xvm):	Started rhel7-auto1 
 Clone Set: A-clone [A]
     Started: [ rhel7-auto3 ]
     Stopped: [ rhel7-auto1 rhel7-auto2 rhel7-auto4 ]
 Clone Set: B-clone [B]
     Started: [ rhel7-auto3 ]
     Stopped: [ rhel7-auto1 rhel7-auto2 rhel7-auto4 ]
 Clone Set: C-clone [C]
     Started: [ rhel7-auto1 rhel7-auto2 rhel7-auto3 ]
     Stopped: [ rhel7-auto4 ]

