
Current cluster status:
Online: [ node1 node2 ]

 container1	(ocf::pacemaker:Dummy):	Started node1
 rsc1	(ocf::pacemaker:Dummy):	Stopped  FAILED (failure ignored)
 rsc2	(ocf::pacemaker:Dummy):	Started node1

Transition Summary:
 * Restart container1	(Started node1)
 * Start   rsc1	(node1)
 * Restart rsc2	(Started node1)

Executing cluster transition:
 * Resource action: rsc2            stop on node1
 * Resource action: container1      stop on node1
 * Pseudo action:   all_stopped
 * Resource action: container1      start on node1
 * Resource action: container1      monitor=20000 on node1
 * Resource action: rsc1            start on node1
 * Resource action: rsc2            start on node1
 * Resource action: rsc2            monitor=5000 on node1
 * Resource action: rsc1            monitor=10000 on node1

Revised cluster status:
Online: [ node1 node2 ]

 container1	(ocf::pacemaker:Dummy):	Started node1
 rsc1	(ocf::pacemaker:Dummy):	Started node1 (failure ignored)
 rsc2	(ocf::pacemaker:Dummy):	Started node1

