
Current cluster status:
Online: [ rhel7-auto1 rhel7-auto2 ]

 shooter	(stonith:fence_xvm):	Started rhel7-auto1 
 Clone Set: single-clone [single] (unique)
     single:0	(ocf::heartbeat:Dummy):	Stopped 
     single:1	(ocf::heartbeat:Dummy):	Stopped 

Transition Summary:
 * Start   single:0	(rhel7-auto2)
 * Start   single:1	(rhel7-auto1)

Executing cluster transition:
 * Resource action: single:0        monitor on rhel7-auto2
 * Resource action: single:0        monitor on rhel7-auto1
 * Resource action: single:1        monitor on rhel7-auto2
 * Resource action: single:1        monitor on rhel7-auto1
 * Pseudo action:   single-clone_start_0
 * Pseudo action:   probe_complete
 * Resource action: single:0        start on rhel7-auto2
 * Resource action: single:1        start on rhel7-auto1
 * Pseudo action:   single-clone_running_0
 * Resource action: single:0        monitor=60000 on rhel7-auto2
 * Resource action: single:1        monitor=60000 on rhel7-auto1

Revised cluster status:
Online: [ rhel7-auto1 rhel7-auto2 ]

 shooter	(stonith:fence_xvm):	Started rhel7-auto1 
 Clone Set: single-clone [single] (unique)
     single:0	(ocf::heartbeat:Dummy):	Started rhel7-auto2 
     single:1	(ocf::heartbeat:Dummy):	Started rhel7-auto1 

