
Current cluster status:
Online: [ cxa1 cxb1 ]

 cyrus_address	(ocf::heartbeat:IPaddr2):	Started cxa1
 cyrus_master	(ocf::heartbeat:cyrus-imap):	Stopped 
 cyrus_syslogd	(ocf::heartbeat:syslogd):	Stopped 
 cyrus_filesys	(ocf::heartbeat:Filesystem):	Stopped 
 cyrus_volgroup	(ocf::heartbeat:VolGroup):	Stopped 
 Master/Slave Set: cyrus_drbd [cyrus_drbd_node]
     Masters: [ cxa1 ]
     Slaves: [ cxb1 ]
 named_address	(ocf::heartbeat:IPaddr2):	Started cxa1
 named_filesys	(ocf::heartbeat:Filesystem):	Stopped 
 named_volgroup	(ocf::heartbeat:VolGroup):	Stopped 
 named_daemon	(ocf::heartbeat:recursor):	Stopped 
 named_syslogd	(ocf::heartbeat:syslogd):	Stopped 
 Master/Slave Set: named_drbd [named_drbd_node]
     Slaves: [ cxb1 cxa1 ]
 Clone Set: pingd_clone [pingd_node]
     Started: [ cxa1 cxb1 ]
 Clone Set: fence_clone [fence_node]
     Started: [ cxa1 cxb1 ]

Transition Summary:
 * Move    named_address	(Started cxa1 -> cxb1)
 * Promote named_drbd_node:0	(Slave -> Master cxb1)

Executing cluster transition:
 * Resource action: named_address   stop on cxa1
 * Pseudo action:   named_drbd_pre_notify_promote_0
 * Pseudo action:   all_stopped
 * Resource action: named_address   start on cxb1
 * Resource action: named_drbd_node:0 notify on cxb1
 * Resource action: named_drbd_node:1 notify on cxa1
 * Pseudo action:   named_drbd_confirmed-pre_notify_promote_0
 * Pseudo action:   named_drbd_promote_0
 * Resource action: named_drbd_node:0 promote on cxb1
 * Pseudo action:   named_drbd_promoted_0
 * Pseudo action:   named_drbd_post_notify_promoted_0
 * Resource action: named_drbd_node:0 notify on cxb1
 * Resource action: named_drbd_node:1 notify on cxa1
 * Pseudo action:   named_drbd_confirmed-post_notify_promoted_0
 * Resource action: named_drbd_node:0 monitor=10000 on cxb1

Revised cluster status:
Online: [ cxa1 cxb1 ]

 cyrus_address	(ocf::heartbeat:IPaddr2):	Started cxa1
 cyrus_master	(ocf::heartbeat:cyrus-imap):	Stopped 
 cyrus_syslogd	(ocf::heartbeat:syslogd):	Stopped 
 cyrus_filesys	(ocf::heartbeat:Filesystem):	Stopped 
 cyrus_volgroup	(ocf::heartbeat:VolGroup):	Stopped 
 Master/Slave Set: cyrus_drbd [cyrus_drbd_node]
     Masters: [ cxa1 ]
     Slaves: [ cxb1 ]
 named_address	(ocf::heartbeat:IPaddr2):	Started cxb1
 named_filesys	(ocf::heartbeat:Filesystem):	Stopped 
 named_volgroup	(ocf::heartbeat:VolGroup):	Stopped 
 named_daemon	(ocf::heartbeat:recursor):	Stopped 
 named_syslogd	(ocf::heartbeat:syslogd):	Stopped 
 Master/Slave Set: named_drbd [named_drbd_node]
     Masters: [ cxb1 ]
     Slaves: [ cxa1 ]
 Clone Set: pingd_clone [pingd_node]
     Started: [ cxa1 cxb1 ]
 Clone Set: fence_clone [fence_node]
     Started: [ cxa1 cxb1 ]

