
Current cluster status:
Online: [ dom0-02 dom0-01 ]

 top	(ocf::heartbeat:Dummy):	Started dom0-02
 domU-test01	(ocf::heartbeat:Xen):	Started dom0-02
 Clone Set: clone-dom0-iscsi1 [dom0-iscsi1]
     Started: [ dom0-02 ]
     Stopped: [ dom0-iscsi1:1 ]
 Clone Set: clone-bottom [bottom]
     Stopped: [ bottom:0 bottom:1 ]

Transition Summary:
 * Move    top	(Started dom0-02 -> dom0-01)
 * Migrate domU-test01	(Started dom0-02 -> dom0-01)
 * Start   dom0-iscsi1-cnx1:1	(dom0-01)
 * Start   bottom:0	(dom0-01)
 * Start   bottom:1	(dom0-02)

Executing cluster transition:
 * Pseudo action:   clone-dom0-iscsi1_start_0
 * Resource action: bottom:0        monitor on dom0-01
 * Resource action: bottom:1        monitor on dom0-02
 * Pseudo action:   clone-bottom_start_0
 * Pseudo action:   probe_complete
 * Resource action: top             stop on dom0-02
 * Pseudo action:   dom0-iscsi1:1_start_0
 * Resource action: dom0-iscsi1-cnx1:1 start on dom0-01
 * Resource action: bottom:0        start on dom0-01
 * Resource action: bottom:1        start on dom0-02
 * Pseudo action:   clone-bottom_running_0
 * Pseudo action:   dom0-iscsi1:1_running_0
 * Pseudo action:   clone-dom0-iscsi1_running_0
 * Resource action: domU-test01     migrate_to on dom0-02
 * Resource action: domU-test01     migrate_from on dom0-01
 * Resource action: domU-test01     stop on dom0-02
 * Pseudo action:   all_stopped
 * Pseudo action:   domU-test01_start_0
 * Resource action: top             start on dom0-01

Revised cluster status:
Online: [ dom0-02 dom0-01 ]

 top	(ocf::heartbeat:Dummy):	Started dom0-01
 domU-test01	(ocf::heartbeat:Xen):	Started dom0-01
 Clone Set: clone-dom0-iscsi1 [dom0-iscsi1]
     Started: [ dom0-02 dom0-01 ]
 Clone Set: clone-bottom [bottom]
     Started: [ dom0-01 dom0-02 ]

