
Current cluster status:
Online: [ fc16-builder ]
OFFLINE: [ fc16-builder2 ]

 A	(ocf::pacemaker:Dummy):	Stopped 
 B	(ocf::pacemaker:Dummy):	Stopped 
 C	(ocf::pacemaker:Dummy):	Stopped 
 D	(ocf::pacemaker:Dummy):	Stopped 

Transition Summary:
 * Start   A	(fc16-builder)
 * Start   B	(fc16-builder)
 * Start   C	(fc16-builder)
 * Start   D	(fc16-builder)

Executing cluster transition:
 * Resource action: A               monitor on fc16-builder
 * Resource action: B               monitor on fc16-builder
 * Resource action: C               monitor on fc16-builder
 * Resource action: D               monitor on fc16-builder
 * Pseudo action:   probe_complete
 * Resource action: A               start on fc16-builder
 * Resource action: B               start on fc16-builder
 * Resource action: C               start on fc16-builder
 * Pseudo action:   one-or-more:require-all-set-1
 * Resource action: D               start on fc16-builder

Revised cluster status:
Online: [ fc16-builder ]
OFFLINE: [ fc16-builder2 ]

 A	(ocf::pacemaker:Dummy):	Started fc16-builder
 B	(ocf::pacemaker:Dummy):	Started fc16-builder
 C	(ocf::pacemaker:Dummy):	Started fc16-builder
 D	(ocf::pacemaker:Dummy):	Started fc16-builder

