2 of 6 resources DISABLED and 0 BLOCKED from being started due to failures

Current cluster status:
Online: [ fc16-builder ]
OFFLINE: [ fc16-builder2 ]

 A	(ocf::pacemaker:Dummy):	Stopped 
 B	(ocf::pacemaker:Dummy):	Stopped 
 C	(ocf::pacemaker:Dummy):	Stopped ( disabled ) 
 D	(ocf::pacemaker:Dummy):	Stopped ( disabled ) 
 E	(ocf::pacemaker:Dummy):	Stopped 
 F	(ocf::pacemaker:Dummy):	Stopped 

Transition Summary:
 * Start   A	(fc16-builder - blocked) 	due to unrunnable C start
 * Start   B	(fc16-builder)
 * Start   E	(fc16-builder - blocked) 	due to unrunnable A start
 * Start   F	(fc16-builder - blocked) 	due to unrunnable D start

Executing cluster transition:
 * Resource action: A               monitor on fc16-builder
 * Resource action: B               monitor on fc16-builder
 * Resource action: C               monitor on fc16-builder
 * Resource action: D               monitor on fc16-builder
 * Resource action: E               monitor on fc16-builder
 * Resource action: F               monitor on fc16-builder
 * Resource action: B               start on fc16-builder

Revised cluster status:
Online: [ fc16-builder ]
OFFLINE: [ fc16-builder2 ]

 A	(ocf::pacemaker:Dummy):	Stopped 
 B	(ocf::pacemaker:Dummy):	Started fc16-builder
 C	(ocf::pacemaker:Dummy):	Stopped ( disabled ) 
 D	(ocf::pacemaker:Dummy):	Stopped ( disabled ) 
 E	(ocf::pacemaker:Dummy):	Stopped 
 F	(ocf::pacemaker:Dummy):	Stopped 

