
Current cluster status:
Online: [ fc16-builder fc16-builder2 ]

 Master/Slave Set: MASTER_RSC_A [NATIVE_RSC_A]
     Masters: [ fc16-builder ]
 NATIVE_RSC_B	(ocf::pacemaker:Dummy):	Started fc16-builder2

Transition Summary:
 * Stop    NATIVE_RSC_A:0	(Master fc16-builder)
 * Stop    NATIVE_RSC_B	(fc16-builder2)

Executing cluster transition:
 * Pseudo action:   MASTER_RSC_A_pre_notify_demote_0
 * Resource action: NATIVE_RSC_A:0  notify on fc16-builder
 * Pseudo action:   MASTER_RSC_A_confirmed-pre_notify_demote_0
 * Pseudo action:   MASTER_RSC_A_demote_0
 * Resource action: NATIVE_RSC_A:0  demote on fc16-builder
 * Pseudo action:   MASTER_RSC_A_demoted_0
 * Pseudo action:   MASTER_RSC_A_post_notify_demoted_0
 * Resource action: NATIVE_RSC_A:0  notify on fc16-builder
 * Pseudo action:   MASTER_RSC_A_confirmed-post_notify_demoted_0
 * Pseudo action:   MASTER_RSC_A_pre_notify_stop_0
 * Resource action: NATIVE_RSC_A:0  notify on fc16-builder
 * Pseudo action:   MASTER_RSC_A_confirmed-pre_notify_stop_0
 * Pseudo action:   MASTER_RSC_A_stop_0
 * Resource action: NATIVE_RSC_A:0  stop on fc16-builder
 * Resource action: NATIVE_RSC_A:0  delete on fc16-builder2
 * Pseudo action:   MASTER_RSC_A_stopped_0
 * Pseudo action:   MASTER_RSC_A_post_notify_stopped_0
 * Pseudo action:   MASTER_RSC_A_confirmed-post_notify_stopped_0
 * Resource action: NATIVE_RSC_B    stop on fc16-builder2
 * Pseudo action:   all_stopped

Revised cluster status:
Online: [ fc16-builder fc16-builder2 ]

 Master/Slave Set: MASTER_RSC_A [NATIVE_RSC_A]
     Stopped: [ fc16-builder fc16-builder2 ]
 NATIVE_RSC_B	(ocf::pacemaker:Dummy):	Stopped 

