
Current cluster status:
Online: [ node1 node2 ]

 Resource Group: rgroup
     dummy1-1	(ocf::heartbeat:Dummy):	Stopped 
     dummy1-2	(ocf::heartbeat:Dummy):	Stopped 
     dummy1-3	(ocf::heartbeat:Dummy):	(target-role:Stopped) Stopped 
     dummy1-4	(ocf::heartbeat:Dummy):	Stopped 
     dummy1-5	(ocf::heartbeat:Dummy):	Stopped 
 dummy2-1	(ocf::heartbeat:Dummy):	Stopped 
 dummy2-2	(ocf::heartbeat:Dummy):	Stopped 
 dummy2-3	(ocf::heartbeat:Dummy):	(target-role:Stopped) Stopped 
 dummy3-1	(ocf::heartbeat:Dummy):	Stopped 
 dummy3-2	(ocf::heartbeat:Dummy):	Stopped 
 dummy3-3	(ocf::heartbeat:Dummy):	(target-role:Stopped) Stopped 
 dummy3-4	(ocf::heartbeat:Dummy):	Stopped 
 dummy3-5	(ocf::heartbeat:Dummy):	Stopped 
 dummy2-4	(ocf::heartbeat:Dummy):	Stopped 
 dummy2-5	(ocf::heartbeat:Dummy):	Stopped 

Transition Summary:
 * Start   dummy1-1	(node1 - blocked)
 * Start   dummy1-2	(node1 - blocked)
 * Start   dummy2-1	(node2 - blocked)
 * Start   dummy2-2	(node2 - blocked)
 * Start   dummy3-4	(node1 - blocked)
 * Start   dummy3-5	(node1 - blocked)

Executing cluster transition:

Revised cluster status:
Online: [ node1 node2 ]

 Resource Group: rgroup
     dummy1-1	(ocf::heartbeat:Dummy):	Stopped 
     dummy1-2	(ocf::heartbeat:Dummy):	Stopped 
     dummy1-3	(ocf::heartbeat:Dummy):	(target-role:Stopped) Stopped 
     dummy1-4	(ocf::heartbeat:Dummy):	Stopped 
     dummy1-5	(ocf::heartbeat:Dummy):	Stopped 
 dummy2-1	(ocf::heartbeat:Dummy):	Stopped 
 dummy2-2	(ocf::heartbeat:Dummy):	Stopped 
 dummy2-3	(ocf::heartbeat:Dummy):	(target-role:Stopped) Stopped 
 dummy3-1	(ocf::heartbeat:Dummy):	Stopped 
 dummy3-2	(ocf::heartbeat:Dummy):	Stopped 
 dummy3-3	(ocf::heartbeat:Dummy):	(target-role:Stopped) Stopped 
 dummy3-4	(ocf::heartbeat:Dummy):	Stopped 
 dummy3-5	(ocf::heartbeat:Dummy):	Stopped 
 dummy2-4	(ocf::heartbeat:Dummy):	Stopped 
 dummy2-5	(ocf::heartbeat:Dummy):	Stopped 

