
Current cluster status:
Online: [ 18builder 18node1 18node2 ]
RemoteOFFLINE: [ remote1 ]

 shooter	(stonith:fence_xvm):	Started 18node1 
 remote1	(ocf::pacemaker:remote):	Stopped 
 FAKE1	(ocf::heartbeat:Dummy):	Started 18builder 
 FAKE2	(ocf::heartbeat:Dummy):	Started 18node2 
 FAKE3	(ocf::heartbeat:Dummy):	Started 18builder 
 FAKE4	(ocf::heartbeat:Dummy):	Started 18node1 

Transition Summary:
 * Start   remote1	(18builder)
 * Move    FAKE1	(Started 18builder -> 18node2)
 * Move    FAKE2	(Started 18node2 -> remote1)

Executing cluster transition:
 * Resource action: remote1         start on 18builder
 * Resource action: FAKE1           monitor on remote1
 * Resource action: FAKE2           monitor on remote1
 * Resource action: FAKE3           monitor on remote1
 * Resource action: FAKE4           monitor on remote1
 * Pseudo action:   probe_complete
 * Resource action: remote1         monitor=60000 on 18builder
 * Resource action: FAKE1           stop on 18builder
 * Resource action: FAKE2           stop on 18node2
 * Pseudo action:   all_stopped
 * Resource action: FAKE1           start on 18node2
 * Resource action: FAKE2           start on remote1
 * Resource action: FAKE1           monitor=60000 on 18node2
 * Resource action: FAKE2           monitor=60000 on remote1

Revised cluster status:
Online: [ 18builder 18node1 18node2 ]
RemoteOnline: [ remote1 ]

 shooter	(stonith:fence_xvm):	Started 18node1 
 remote1	(ocf::pacemaker:remote):	Started 18builder 
 FAKE1	(ocf::heartbeat:Dummy):	Started 18node2 
 FAKE2	(ocf::heartbeat:Dummy):	Started remote1 
 FAKE3	(ocf::heartbeat:Dummy):	Started 18builder 
 FAKE4	(ocf::heartbeat:Dummy):	Started 18node1 

