
Current cluster status:
Node sles-3 (2298606a-6a8c-499a-9d25-76242f7006ec): UNCLEAN (offline)
Online: [ sles-1 sles-2 sles-4 ]

 Resource Group: group-1
     r192.168.100.181	(ocf::heartbeat:IPaddr):	Started sles-1
     r192.168.100.182	(heartbeat:IPaddr):	Started sles-1
     r192.168.100.183	(ocf::heartbeat:IPaddr):	Stopped 
 lsb_dummy	(lsb:/usr/lib64/heartbeat/cts/LSBDummy):	Started sles-2
 migrator	(ocf::heartbeat:Dummy):	Started sles-3
 rsc_sles-1	(ocf::heartbeat:IPaddr):	Started sles-1
 rsc_sles-2	(ocf::heartbeat:IPaddr):	Started sles-2
 rsc_sles-3	(ocf::heartbeat:IPaddr):	Started sles-3
 rsc_sles-4	(ocf::heartbeat:IPaddr):	Started sles-4
 Clone Set: DoFencing [child_DoFencing]
     Started: [ sles-1 sles-2 sles-3 ]
     Stopped: [ child_DoFencing:3 ]
 Master/Slave Set: master_rsc_1 [ocf_msdummy] (unique)
     ocf_msdummy:0	(ocf::heartbeat:Stateful):	Stopped 
     ocf_msdummy:1	(ocf::heartbeat:Stateful):	Stopped 
     ocf_msdummy:2	(ocf::heartbeat:Stateful):	Started sles-3
     ocf_msdummy:3	(ocf::heartbeat:Stateful):	Stopped 
     ocf_msdummy:4	(ocf::heartbeat:Stateful):	Stopped 
     ocf_msdummy:5	(ocf::heartbeat:Stateful):	Started sles-3
     ocf_msdummy:6	(ocf::heartbeat:Stateful):	Stopped 
     ocf_msdummy:7	(ocf::heartbeat:Stateful):	Stopped 

Transition Summary:
 * Start   r192.168.100.183	(sles-1)
 * Move    migrator	(Started sles-3 -> sles-4)
 * Move    rsc_sles-3	(Started sles-3 -> sles-4)
 * Move    child_DoFencing:2	(Started sles-3 -> sles-4)
 * Start   ocf_msdummy:0	(sles-4)
 * Start   ocf_msdummy:1	(sles-1)
 * Move    ocf_msdummy:2	(Slave sles-3 -> sles-2)
 * Start   ocf_msdummy:3	(sles-4)
 * Start   ocf_msdummy:4	(sles-1)
 * Move    ocf_msdummy:5	(Slave sles-3 -> sles-2)

Executing cluster transition:
 * Pseudo action:   group-1_start_0
 * Resource action: r192.168.100.182 monitor=5000 on sles-1
 * Resource action: lsb_dummy       monitor=5000 on sles-2
 * Resource action: rsc_sles-2      monitor=5000 on sles-2
 * Resource action: rsc_sles-4      monitor=5000 on sles-4
 * Fencing sles-3
 * Pseudo action:   stonith_complete
 * Resource action: r192.168.100.183 start on sles-1
 * Pseudo action:   migrator_stop_0
 * Pseudo action:   rsc_sles-3_stop_0
 * Pseudo action:   DoFencing_stop_0
 * Pseudo action:   master_rsc_1_stop_0
 * Pseudo action:   group-1_running_0
 * Resource action: r192.168.100.183 monitor=5000 on sles-1
 * Resource action: migrator        start on sles-4
 * Resource action: rsc_sles-3      start on sles-4
 * Pseudo action:   child_DoFencing:2_stop_0
 * Pseudo action:   DoFencing_stopped_0
 * Pseudo action:   DoFencing_start_0
 * Pseudo action:   ocf_msdummy:2_stop_0
 * Pseudo action:   ocf_msdummy:5_stop_0
 * Pseudo action:   master_rsc_1_stopped_0
 * Pseudo action:   master_rsc_1_start_0
 * Pseudo action:   all_stopped
 * Resource action: migrator        monitor=10000 on sles-4
 * Resource action: rsc_sles-3      monitor=5000 on sles-4
 * Resource action: child_DoFencing:2 start on sles-4
 * Pseudo action:   DoFencing_running_0
 * Resource action: ocf_msdummy:0   start on sles-4
 * Resource action: ocf_msdummy:1   start on sles-1
 * Resource action: ocf_msdummy:2   start on sles-2
 * Resource action: ocf_msdummy:3   start on sles-4
 * Resource action: ocf_msdummy:4   start on sles-1
 * Resource action: ocf_msdummy:5   start on sles-2
 * Pseudo action:   master_rsc_1_running_0
 * Resource action: child_DoFencing:2 monitor=60000 on sles-4
 * Resource action: ocf_msdummy:0   monitor=5000 on sles-4
 * Resource action: ocf_msdummy:1   monitor=5000 on sles-1
 * Resource action: ocf_msdummy:2   monitor=5000 on sles-2
 * Resource action: ocf_msdummy:3   monitor=5000 on sles-4
 * Resource action: ocf_msdummy:4   monitor=5000 on sles-1
 * Resource action: ocf_msdummy:5   monitor=5000 on sles-2

Revised cluster status:
Online: [ sles-1 sles-2 sles-4 ]
OFFLINE: [ sles-3 ]

 Resource Group: group-1
     r192.168.100.181	(ocf::heartbeat:IPaddr):	Started sles-1
     r192.168.100.182	(heartbeat:IPaddr):	Started sles-1
     r192.168.100.183	(ocf::heartbeat:IPaddr):	Started sles-1
 lsb_dummy	(lsb:/usr/lib64/heartbeat/cts/LSBDummy):	Started sles-2
 migrator	(ocf::heartbeat:Dummy):	Started sles-4
 rsc_sles-1	(ocf::heartbeat:IPaddr):	Started sles-1
 rsc_sles-2	(ocf::heartbeat:IPaddr):	Started sles-2
 rsc_sles-3	(ocf::heartbeat:IPaddr):	Started sles-4
 rsc_sles-4	(ocf::heartbeat:IPaddr):	Started sles-4
 Clone Set: DoFencing [child_DoFencing]
     Started: [ sles-1 sles-2 sles-4 ]
     Stopped: [ child_DoFencing:3 ]
 Master/Slave Set: master_rsc_1 [ocf_msdummy] (unique)
     ocf_msdummy:0	(ocf::heartbeat:Stateful):	Started sles-4
     ocf_msdummy:1	(ocf::heartbeat:Stateful):	Started sles-1
     ocf_msdummy:2	(ocf::heartbeat:Stateful):	Started sles-2
     ocf_msdummy:3	(ocf::heartbeat:Stateful):	Started sles-4
     ocf_msdummy:4	(ocf::heartbeat:Stateful):	Started sles-1
     ocf_msdummy:5	(ocf::heartbeat:Stateful):	Started sles-2
     ocf_msdummy:6	(ocf::heartbeat:Stateful):	Stopped 
     ocf_msdummy:7	(ocf::heartbeat:Stateful):	Stopped 

