
Current cluster status:
Online: [ rhel7-1 rhel7-2 rhel7-3 rhel7-4 rhel7-5 ]

 Fencing	(stonith:fence_xvm):	Started rhel7-1
 FencingPass	(stonith:fence_dummy):	Stopped
 vtest4	(ocf::kgaillot:vdummy):	Stopped
 Clone Set: vtest5-clone [vtest5]
     Stopped: [ rhel7-1 rhel7-2 rhel7-3 rhel7-4 rhel7-5 ]
 Master/Slave Set: vtest7-master [vtest7]
     Stopped: [ rhel7-1 rhel7-2 rhel7-3 rhel7-4 rhel7-5 ]
 Resource Group: grouptest2
     gvtest1	(ocf::kgaillot:vdummy):	Stopped
     gvtest2	(ocf::kgaillot:vdummy):	Stopped
     gvtest3	(ocf::kgaillot:vdummy):	Stopped

Transition Summary:
 * Start   FencingPass	(rhel7-2)
 * Start   vtest4	(rhel7-3)
 * Start   vtest5:0	(rhel7-4)
 * Start   vtest5:1	(rhel7-5)
 * Start   vtest5:2	(rhel7-1)
 * Start   vtest5:3	(rhel7-2)
 * Start   vtest5:4	(rhel7-3)
 * Promote    vtest7:0        ( Stopped -> Master rhel7-5 )  
 * Start      vtest7:1        (                   rhel7-4 )  
 * Start   vtest7:2	(rhel7-1)
 * Start   vtest7:3	(rhel7-2)
 * Start   vtest7:4	(rhel7-3)
 * Start   gvtest1	(rhel7-4)
 * Start   gvtest2	(rhel7-4)
 * Start   gvtest3	(rhel7-4)

Executing cluster transition:
 * Resource action: FencingPass     monitor on rhel7-5
 * Resource action: FencingPass     monitor on rhel7-4
 * Resource action: FencingPass     monitor on rhel7-3
 * Resource action: FencingPass     monitor on rhel7-2
 * Resource action: FencingPass     monitor on rhel7-1
 * Resource action: vtest4          monitor on rhel7-5
 * Resource action: vtest4          monitor on rhel7-4
 * Resource action: vtest4          monitor on rhel7-3
 * Resource action: vtest4          monitor on rhel7-2
 * Resource action: vtest4          monitor on rhel7-1
 * Resource action: vtest5:0        monitor on rhel7-4
 * Resource action: vtest5:1        monitor on rhel7-5
 * Resource action: vtest5:2        monitor on rhel7-1
 * Resource action: vtest5:3        monitor on rhel7-2
 * Resource action: vtest5:4        monitor on rhel7-3
 * Pseudo action:   vtest5-clone_start_0
 * Resource action: vtest7:0        monitor on rhel7-5
 * Resource action: vtest7:1        monitor on rhel7-4
 * Resource action: vtest7:2        monitor on rhel7-1
 * Resource action: vtest7:3        monitor on rhel7-2
 * Resource action: vtest7:4        monitor on rhel7-3
 * Pseudo action:   vtest7-master_start_0
 * Pseudo action:   grouptest2_start_0
 * Resource action: gvtest1         monitor on rhel7-5
 * Resource action: gvtest1         monitor on rhel7-4
 * Resource action: gvtest1         monitor on rhel7-3
 * Resource action: gvtest1         monitor on rhel7-2
 * Resource action: gvtest1         monitor on rhel7-1
 * Resource action: gvtest2         monitor on rhel7-5
 * Resource action: gvtest2         monitor on rhel7-4
 * Resource action: gvtest2         monitor on rhel7-3
 * Resource action: gvtest2         monitor on rhel7-2
 * Resource action: gvtest2         monitor on rhel7-1
 * Resource action: gvtest3         monitor on rhel7-5
 * Resource action: gvtest3         monitor on rhel7-4
 * Resource action: gvtest3         monitor on rhel7-3
 * Resource action: gvtest3         monitor on rhel7-2
 * Resource action: gvtest3         monitor on rhel7-1
 * Resource action: FencingPass     start on rhel7-2
 * Resource action: vtest4          start on rhel7-3
 * Resource action: vtest5:0        start on rhel7-4
 * Resource action: vtest5:1        start on rhel7-5
 * Resource action: vtest5:2        start on rhel7-1
 * Resource action: vtest5:3        start on rhel7-2
 * Resource action: vtest5:4        start on rhel7-3
 * Pseudo action:   vtest5-clone_running_0
 * Resource action: vtest7:0        start on rhel7-5
 * Resource action: vtest7:1        start on rhel7-4
 * Resource action: vtest7:2        start on rhel7-1
 * Resource action: vtest7:3        start on rhel7-2
 * Resource action: vtest7:4        start on rhel7-3
 * Pseudo action:   vtest7-master_running_0
 * Resource action: gvtest1         start on rhel7-4
 * Resource action: gvtest2         start on rhel7-4
 * Resource action: gvtest3         start on rhel7-4
 * Resource action: vtest4          monitor=10000 on rhel7-3
 * Resource action: vtest5:0        monitor=10000 on rhel7-4
 * Resource action: vtest5:1        monitor=10000 on rhel7-5
 * Resource action: vtest5:2        monitor=10000 on rhel7-1
 * Resource action: vtest5:3        monitor=10000 on rhel7-2
 * Resource action: vtest5:4        monitor=10000 on rhel7-3
 * Resource action: vtest7:1        monitor=11000 on rhel7-4
 * Resource action: vtest7:2        monitor=11000 on rhel7-1
 * Resource action: vtest7:3        monitor=11000 on rhel7-2
 * Resource action: vtest7:4        monitor=11000 on rhel7-3
 * Pseudo action:   vtest7-master_promote_0
 * Pseudo action:   grouptest2_running_0
 * Resource action: gvtest1         monitor=10000 on rhel7-4
 * Resource action: gvtest2         monitor=10000 on rhel7-4
 * Resource action: gvtest3         monitor=10000 on rhel7-4
 * Resource action: vtest7:0        promote on rhel7-5
 * Pseudo action:   vtest7-master_promoted_0
 * Resource action: vtest7:0        monitor=10000 on rhel7-5

Revised cluster status:
Online: [ rhel7-1 rhel7-2 rhel7-3 rhel7-4 rhel7-5 ]

 Fencing	(stonith:fence_xvm):	Started rhel7-1
 FencingPass	(stonith:fence_dummy):	Started rhel7-2
 vtest4	(ocf::kgaillot:vdummy):	Started rhel7-3
 Clone Set: vtest5-clone [vtest5]
     Started: [ rhel7-1 rhel7-2 rhel7-3 rhel7-4 rhel7-5 ]
 Master/Slave Set: vtest7-master [vtest7]
     Masters: [ rhel7-5 ]
     Slaves: [ rhel7-1 rhel7-2 rhel7-3 rhel7-4 ]
 Resource Group: grouptest2
     gvtest1	(ocf::kgaillot:vdummy):	Started rhel7-4
     gvtest2	(ocf::kgaillot:vdummy):	Started rhel7-4
     gvtest3	(ocf::kgaillot:vdummy):	Started rhel7-4

