
Current cluster status:
Online: [ 18node1 18node2 18node3 ]
Containers: [ lxc2:container2 ]

 container1	(ocf::heartbeat:VirtualDomain):	FAILED 18node2 
 container2	(ocf::heartbeat:VirtualDomain):	Started 18node2
 shoot1	(stonith:fence_xvm):	Started 18node3
 Clone Set: M-clone [M]
     Started: [ 18node1 18node2 18node3 lxc2 ]
 A	(ocf::pacemaker:Dummy):	Started 18node1
 B	(ocf::pacemaker:Dummy):	FAILED lxc1 
 C	(ocf::pacemaker:Dummy):	Started lxc2
 D	(ocf::pacemaker:Dummy):	Started 18node1

Transition Summary:
 * Recover container1	(Started 18node2)
 * Recover M:4	(Started lxc1)
 * Recover B	(Started lxc1)
 * Recover lxc1	(Started 18node2)

Executing cluster transition:
 * Pseudo action:   M-clone_stop_0
 * Resource action: lxc1            stop on 18node2
 * Resource action: container1      stop on 18node2
 * Pseudo action:   M_stop_0
 * Pseudo action:   M-clone_stopped_0
 * Pseudo action:   M-clone_start_0
 * Pseudo action:   B_stop_0
 * Pseudo action:   all_stopped
 * Resource action: container1      start on 18node2
 * Resource action: lxc1            start on 18node2
 * Resource action: lxc1            monitor=30000 on 18node2
 * Resource action: M               start on lxc1
 * Pseudo action:   M-clone_running_0
 * Resource action: B               start on lxc1
 * Resource action: M               monitor=10000 on lxc1
 * Resource action: B               monitor=10000 on lxc1

Revised cluster status:
Online: [ 18node1 18node2 18node3 ]
Containers: [ lxc1:container1 lxc2:container2 ]

 container1	(ocf::heartbeat:VirtualDomain):	Started 18node2
 container2	(ocf::heartbeat:VirtualDomain):	Started 18node2
 shoot1	(stonith:fence_xvm):	Started 18node3
 Clone Set: M-clone [M]
     Started: [ 18node1 18node2 18node3 lxc1 lxc2 ]
 A	(ocf::pacemaker:Dummy):	Started 18node1
 B	(ocf::pacemaker:Dummy):	Started lxc1
 C	(ocf::pacemaker:Dummy):	Started lxc2
 D	(ocf::pacemaker:Dummy):	Started 18node1

