Current cluster status:
  * Cluster Summary:

  * Node List:
    * Online: [ hadev1 hadev2 hadev3 ]

  * Full List of Resources:
    * DcIPaddr	(ocf:heartbeat:IPaddr):	 Starting hadev2
    * rsc_hadev1	(ocf:heartbeat:IPaddr):	 Started hadev3 (Monitoring)
    * rsc_hadev2	(ocf:heartbeat:IPaddr):	 Starting hadev2
    * rsc_hadev3	(ocf:heartbeat:IPaddr):	 Started hadev3 (Monitoring)
    * Clone Set: DoFencing [child_DoFencing] (unique):
      * child_DoFencing:0	(stonith:ssh):	 Started hadev2 (Monitoring)
      * child_DoFencing:1	(stonith:ssh):	 Started hadev3 (Monitoring)
      * child_DoFencing:2	(stonith:ssh):	 Stopped

Transition Summary:
  * Move       rsc_hadev1            ( hadev3 -> hadev1 )
  * Start      child_DoFencing:2     (           hadev1 )

Executing Cluster Transition:

Revised Cluster Status:
  * Cluster Summary:

  * Node List:
    * Online: [ hadev1 hadev2 hadev3 ]

  * Full List of Resources:
    * DcIPaddr	(ocf:heartbeat:IPaddr):	 Started hadev2
    * rsc_hadev1	(ocf:heartbeat:IPaddr):	 Started hadev3
    * rsc_hadev2	(ocf:heartbeat:IPaddr):	 Started hadev2
    * rsc_hadev3	(ocf:heartbeat:IPaddr):	 Started hadev3
    * Clone Set: DoFencing [child_DoFencing] (unique):
      * child_DoFencing:0	(stonith:ssh):	 Started hadev2
      * child_DoFencing:1	(stonith:ssh):	 Started hadev3
      * child_DoFencing:2	(stonith:ssh):	 Stopped
