Current cluster status:
  * Cluster Summary:

  * Node List:
    * Node node1: standby (with active resources)
    * Online: [ node2 ]

  * Full List of Resources:
    * Resource Group: group1:
      * rsc1	(ocf:pacemaker:Dummy):	 Started node1
      * rsc2	(ocf:pacemaker:Dummy):	 Started node1
    * Resource Group: group2:
      * rsc3	(ocf:pacemaker:Dummy):	 Started node2
      * rsc4	(ocf:pacemaker:Dummy):	 Started node2

Transition Summary:
  * Move       rsc1    ( node1 -> node2 )
  * Move       rsc2    ( node1 -> node2 )
  * Stop       rsc3    (          node2 )  due to node availability
  * Stop       rsc4    (          node2 )  due to node availability
Transition failed: terminated
An invalid transition was produced

Executing Cluster Transition:

Revised Cluster Status:
  * Cluster Summary:

  * Node List:
    * Node node1: standby (with active resources)
    * Online: [ node2 ]

  * Full List of Resources:
    * Resource Group: group1:
      * rsc1	(ocf:pacemaker:Dummy):	 Started node1
      * rsc2	(ocf:pacemaker:Dummy):	 Started node1
    * Resource Group: group2:
      * rsc3	(ocf:pacemaker:Dummy):	 Started node2
      * rsc4	(ocf:pacemaker:Dummy):	 Started node2
