Current cluster status:
  * Cluster Summary:

  * Node List:
    * Online: [ hpn07 hpn08 ]

  * Full List of Resources:
    * p_dummy1	(ocf:pacemaker:Dummy):	 Started hpn07
    * p_dummy2	(ocf:pacemaker:Dummy):	 Stopped
    * p_dummy4	(ocf:pacemaker:Dummy):	 Stopped
    * p_dummy3	(ocf:pacemaker:Dummy):	 Stopped
    * Clone Set: ms_stateful1 [p_stateful1] (promotable):
      * Promoted: [ hpn07 ]
      * Unpromoted: [ hpn08 ]

Transition Summary:
  * Start      p_dummy2     ( hpn08 )
  * Start      p_dummy4     ( hpn07 )
  * Start      p_dummy3     ( hpn08 )

Executing Cluster Transition:

Revised Cluster Status:
  * Cluster Summary:

  * Node List:
    * Online: [ hpn07 hpn08 ]

  * Full List of Resources:
    * p_dummy1	(ocf:pacemaker:Dummy):	 Started hpn07
    * p_dummy2	(ocf:pacemaker:Dummy):	 Stopped
    * p_dummy4	(ocf:pacemaker:Dummy):	 Stopped
    * p_dummy3	(ocf:pacemaker:Dummy):	 Stopped
    * Clone Set: ms_stateful1 [p_stateful1] (promotable):
      * Promoted: [ hpn07 ]
      * Unpromoted: [ hpn08 ]
