Current cluster status:
  * Cluster Summary:

  * Node List:
    * Online: [ xen-b ]
    * OFFLINE: [ xen-c ]

  * Full List of Resources:
    * Resource Group: group_1:
      * IPaddr_192_168_1_101	(ocf:heartbeat:IPaddr):	 Stopped
      * apache_2	(ocf:heartbeat:apache):	 Stopped
    * Resource Group: group_11:
      * IPaddr_192_168_1_102	(ocf:heartbeat:IPaddr):	 Started xen-b
      * apache_6	(ocf:heartbeat:apache):	 Stopped

Transition Summary:
  * Stop       IPaddr_192_168_1_102     ( xen-b )  due to node availability
Transition failed: terminated
An invalid transition was produced

Executing Cluster Transition:

Revised Cluster Status:
  * Cluster Summary:

  * Node List:
    * Online: [ xen-b ]
    * OFFLINE: [ xen-c ]

  * Full List of Resources:
    * Resource Group: group_1:
      * IPaddr_192_168_1_101	(ocf:heartbeat:IPaddr):	 Stopped
      * apache_2	(ocf:heartbeat:apache):	 Stopped
    * Resource Group: group_11:
      * IPaddr_192_168_1_102	(ocf:heartbeat:IPaddr):	 Started xen-b
      * apache_6	(ocf:heartbeat:apache):	 Stopped
