Current cluster status:
  * Cluster Summary:

  * Node List:
    * Online: [ c09-h05-r630 c09-h06-r630 c09-h07-r630 ]
    * RemoteOnline: [ c09-h08-r630 c09-h09-r630 c09-h10-r630 ]
    * GuestOnline: [ scale1-bundle-0 scale1-bundle-1 scale1-bundle-2 scale1-bundle-3 scale1-bundle-4 scale1-bundle-5 ]

  * Full List of Resources:
    * c09-h08-r630	(ocf:pacemaker:remote):	 Stopped
    * c09-h09-r630	(ocf:pacemaker:remote):	 Stopped
    * c09-h10-r630	(ocf:pacemaker:remote):	 Stopped
    * Container bundle set: scale1-bundle [beekhof:remote]:
      * scale1-bundle-0	(ocf:pacemaker:Dummy):	 Stopped
      * scale1-bundle-1	(ocf:pacemaker:Dummy):	 Stopped
      * scale1-bundle-2	(ocf:pacemaker:Dummy):	 Stopped
      * scale1-bundle-3	(ocf:pacemaker:Dummy):	 Stopped
      * scale1-bundle-4	(ocf:pacemaker:Dummy):	 Stopped
      * scale1-bundle-5	(ocf:pacemaker:Dummy):	 Stopped

Transition Summary:
  * Start      c09-h08-r630               (    c09-h05-r630 )
  * Start      c09-h09-r630               (    c09-h06-r630 )
  * Start      c09-h10-r630               (    c09-h07-r630 )
  * Start      scale1-bundle-docker-0     (    c09-h05-r630 )
  * Start      scale1-bundle-0            (    c09-h05-r630 )
  * Start      dummy1:0                   ( scale1-bundle-0 )
  * Start      scale1-bundle-docker-1     (    c09-h06-r630 )
  * Start      scale1-bundle-1            (    c09-h06-r630 )
  * Start      dummy1:1                   ( scale1-bundle-1 )
  * Start      scale1-bundle-docker-2     (    c09-h07-r630 )
  * Start      scale1-bundle-2            (    c09-h07-r630 )
  * Start      dummy1:2                   ( scale1-bundle-2 )
  * Start      scale1-bundle-docker-3     (    c09-h08-r630 )
  * Start      scale1-bundle-3            (    c09-h05-r630 )
  * Start      dummy1:3                   ( scale1-bundle-3 )
  * Start      scale1-bundle-docker-4     (    c09-h09-r630 )
  * Start      scale1-bundle-4            (    c09-h06-r630 )
  * Start      dummy1:4                   ( scale1-bundle-4 )
  * Start      scale1-bundle-docker-5     (    c09-h10-r630 )
  * Start      scale1-bundle-5            (    c09-h07-r630 )
  * Start      dummy1:5                   ( scale1-bundle-5 )

Executing Cluster Transition:

Revised Cluster Status:
  * Cluster Summary:

  * Node List:
    * Online: [ c09-h05-r630 c09-h06-r630 c09-h07-r630 ]
    * RemoteOnline: [ c09-h08-r630 c09-h09-r630 c09-h10-r630 ]
    * GuestOnline: [ scale1-bundle-0 scale1-bundle-1 scale1-bundle-2 scale1-bundle-3 scale1-bundle-4 scale1-bundle-5 ]

  * Full List of Resources:
    * c09-h08-r630	(ocf:pacemaker:remote):	 Stopped
    * c09-h09-r630	(ocf:pacemaker:remote):	 Stopped
    * c09-h10-r630	(ocf:pacemaker:remote):	 Stopped
    * Container bundle set: scale1-bundle [beekhof:remote]:
      * scale1-bundle-0	(ocf:pacemaker:Dummy):	 Stopped
      * scale1-bundle-1	(ocf:pacemaker:Dummy):	 Stopped
      * scale1-bundle-2	(ocf:pacemaker:Dummy):	 Stopped
      * scale1-bundle-3	(ocf:pacemaker:Dummy):	 Stopped
      * scale1-bundle-4	(ocf:pacemaker:Dummy):	 Stopped
      * scale1-bundle-5	(ocf:pacemaker:Dummy):	 Stopped
