Current cluster status:
  * Cluster Summary:

  * Node List:
    * Online: [ metal-1 metal-2 metal-3 ]
    * RemoteOFFLINE: [ rabbitmq-bundle-0 ]
    * GuestOnline: [ galera-bundle-0 galera-bundle-1 galera-bundle-2 redis-bundle-0 redis-bundle-1 redis-bundle-2 ]

  * Full List of Resources:
    * Clone Set: storage-clone [storage]:
      * Stopped: [ metal-1 metal-2 metal-3 rabbitmq-bundle-0 ]
    * Container bundle set: galera-bundle [192.168.24.1:8787/tripleoupstream/centos-binary-mariadb:latest]:
      * galera-bundle-0	(ocf:heartbeat:galera):	 Stopped
      * galera-bundle-1	(ocf:heartbeat:galera):	 Stopped
      * galera-bundle-2	(ocf:heartbeat:galera):	 Stopped
    * Container bundle set: haproxy-bundle [192.168.24.1:8787/tripleoupstream/centos-binary-haproxy:latest]:
      * haproxy-bundle-docker-0	(ocf:heartbeat:docker):	 Stopped
      * haproxy-bundle-docker-1	(ocf:heartbeat:docker):	 Stopped
      * haproxy-bundle-docker-2	(ocf:heartbeat:docker):	 Stopped
    * Container bundle set: redis-bundle [192.168.24.1:8787/tripleoupstream/centos-binary-redis:latest]:
      * redis-bundle-0	(ocf:heartbeat:redis):	 Stopped
      * redis-bundle-1	(ocf:heartbeat:redis):	 Stopped
      * redis-bundle-2	(ocf:heartbeat:redis):	 Stopped

Transition Summary:
  * Start      storage:0                  (                            metal-1 )
  * Start      storage:1                  (                            metal-2 )
  * Start      storage:2                  (                            metal-3 )
  * Start      galera-bundle-docker-0     (                            metal-1 )
  * Start      galera-bundle-0            (                            metal-1 )
  * Start      galera:0                   (                    galera-bundle-0 )
  * Start      galera-bundle-docker-1     (                            metal-2 )
  * Start      galera-bundle-1            (                            metal-2 )
  * Start      galera:1                   (                    galera-bundle-1 )
  * Start      galera-bundle-docker-2     (                            metal-3 )
  * Start      galera-bundle-2            (                            metal-3 )
  * Start      galera:2                   (                    galera-bundle-2 )
  * Start      haproxy-bundle-docker-0    (                            metal-1 )
  * Start      haproxy-bundle-docker-1    (                            metal-2 )
  * Start      haproxy-bundle-docker-2    (                            metal-3 )
  * Start      redis-bundle-docker-0      (                            metal-1 )
  * Start      redis-bundle-0             (                            metal-1 )
  * Promote    redis:0                    ( Stopped -> Promoted redis-bundle-0 )
  * Start      redis-bundle-docker-1      (                            metal-2 )
  * Start      redis-bundle-1             (                            metal-2 )
  * Promote    redis:1                    ( Stopped -> Promoted redis-bundle-1 )
  * Start      redis-bundle-docker-2      (                            metal-3 )
  * Start      redis-bundle-2             (                            metal-3 )
  * Promote    redis:2                    ( Stopped -> Promoted redis-bundle-2 )

Executing Cluster Transition:

Revised Cluster Status:
  * Cluster Summary:

  * Node List:
    * Online: [ metal-1 metal-2 metal-3 ]
    * RemoteOFFLINE: [ rabbitmq-bundle-0 ]
    * GuestOnline: [ galera-bundle-0 galera-bundle-1 galera-bundle-2 redis-bundle-0 redis-bundle-1 redis-bundle-2 ]

  * Full List of Resources:
    * Clone Set: storage-clone [storage]:
      * Stopped: [ metal-1 metal-2 metal-3 rabbitmq-bundle-0 ]
    * Container bundle set: galera-bundle [192.168.24.1:8787/tripleoupstream/centos-binary-mariadb:latest]:
      * galera-bundle-0	(ocf:heartbeat:galera):	 Stopped
      * galera-bundle-1	(ocf:heartbeat:galera):	 Stopped
      * galera-bundle-2	(ocf:heartbeat:galera):	 Stopped
    * Container bundle set: haproxy-bundle [192.168.24.1:8787/tripleoupstream/centos-binary-haproxy:latest]:
      * haproxy-bundle-docker-0	(ocf:heartbeat:docker):	 Stopped
      * haproxy-bundle-docker-1	(ocf:heartbeat:docker):	 Stopped
      * haproxy-bundle-docker-2	(ocf:heartbeat:docker):	 Stopped
    * Container bundle set: redis-bundle [192.168.24.1:8787/tripleoupstream/centos-binary-redis:latest]:
      * redis-bundle-0	(ocf:heartbeat:redis):	 Stopped
      * redis-bundle-1	(ocf:heartbeat:redis):	 Stopped
      * redis-bundle-2	(ocf:heartbeat:redis):	 Stopped
