Current cluster status:
  * Cluster Summary:

  * Node List:
    * Online: [ node1 node2 node3 node4 node5 ]
    * GuestOnline: [ app-bundle-0 app-bundle-1 app-bundle-2 base-bundle-0 base-bundle-1 base-bundle-2 ]

  * Full List of Resources:
    * Fencing	(stonith:fence_xvm):	 Started node1
    * Container bundle set: base-bundle [localhost/pcmktest:base]:
      * base-bundle-0	(ocf:pacemaker:Stateful):	 Stopped
      * base-bundle-1	(ocf:pacemaker:Stateful):	 Stopped
      * base-bundle-2	(ocf:pacemaker:Stateful):	 Stopped
    * Container bundle set: app-bundle [localhost/pcmktest:app]:
      * app-bundle-0	(ocf:pacemaker:Stateful):	 Stopped
      * app-bundle-1	(ocf:pacemaker:Stateful):	 Stopped
      * app-bundle-2	(ocf:pacemaker:Stateful):	 Stopped

Transition Summary:
  * Start      base-bundle-podman-0     (                             node2 )
  * Start      base-bundle-0            (                             node2 )
  * Start      base:0                   (                     base-bundle-0 )
  * Start      base-bundle-podman-1     (                             node3 )
  * Start      base-bundle-1            (                             node3 )
  * Start      base:1                   (                     base-bundle-1 )
  * Start      base-bundle-podman-2     (                             node4 )
  * Start      base-bundle-2            (                             node4 )
  * Promote    base:2                   ( Stopped -> Promoted base-bundle-2 )
  * Start      app-bundle-podman-0      (                             node2 )
  * Start      app-bundle-0             (                             node2 )
  * Start      app:0                    (                      app-bundle-0 )
  * Start      app-bundle-podman-1      (                             node3 )
  * Start      app-bundle-1             (                             node3 )
  * Start      app:1                    (                      app-bundle-1 )
  * Start      app-bundle-podman-2      (                             node4 )
  * Start      app-bundle-2             (                             node4 )
  * Promote    app:2                    (  Stopped -> Promoted app-bundle-2 )

Executing Cluster Transition:

Revised Cluster Status:
  * Cluster Summary:

  * Node List:
    * Online: [ node1 node2 node3 node4 node5 ]
    * GuestOnline: [ app-bundle-0 app-bundle-1 app-bundle-2 base-bundle-0 base-bundle-1 base-bundle-2 ]

  * Full List of Resources:
    * Fencing	(stonith:fence_xvm):	 Started node1
    * Container bundle set: base-bundle [localhost/pcmktest:base]:
      * base-bundle-0	(ocf:pacemaker:Stateful):	 Stopped
      * base-bundle-1	(ocf:pacemaker:Stateful):	 Stopped
      * base-bundle-2	(ocf:pacemaker:Stateful):	 Stopped
    * Container bundle set: app-bundle [localhost/pcmktest:app]:
      * app-bundle-0	(ocf:pacemaker:Stateful):	 Stopped
      * app-bundle-1	(ocf:pacemaker:Stateful):	 Stopped
      * app-bundle-2	(ocf:pacemaker:Stateful):	 Stopped
