Current cluster status:
  * Node List:
    * Online: [ fc16-builder fc16-builder2 ]

  * Full List of Resources:
    * Clone Set: MS_DUMMY [DUMMY] (promotable):
      * Promoted: [ fc16-builder ]
      * Unpromoted: [ fc16-builder2 ]
    * UNPROMOTED_IP	(ocf:pacemaker:Dummy):	 Started fc16-builder
    * PROMOTED_IP	(ocf:pacemaker:Dummy):	 Started fc16-builder2

Transition Summary:
  * Move       UNPROMOTED_IP     ( fc16-builder -> fc16-builder2 )
  * Move       PROMOTED_IP     ( fc16-builder2 -> fc16-builder )

Executing Cluster Transition:
  * Resource action: UNPROMOTED_IP   stop on fc16-builder
  * Resource action: PROMOTED_IP     stop on fc16-builder2
  * Resource action: UNPROMOTED_IP   start on fc16-builder2
  * Resource action: PROMOTED_IP     start on fc16-builder

Revised Cluster Status:
  * Node List:
    * Online: [ fc16-builder fc16-builder2 ]

  * Full List of Resources:
    * Clone Set: MS_DUMMY [DUMMY] (promotable):
      * Promoted: [ fc16-builder ]
      * Unpromoted: [ fc16-builder2 ]
    * UNPROMOTED_IP	(ocf:pacemaker:Dummy):	 Started fc16-builder2
    * PROMOTED_IP	(ocf:pacemaker:Dummy):	 Started fc16-builder
