Current cluster status:
  * Cluster Summary:
    * CIB syntax has errors (for details, run crm_verify -LV)

  * Node List:
    * Online: [ c001n11 c001n12 ]

  * Full List of Resources:
    * fencing	(stonith:external/ssh):	 Started c001n11
    * Clone Set: dlm-clone [dlm]:
      * dlm	(ocf:pacemaker:controld):	 ORPHANED Started c001n12
      * dlm	(ocf:pacemaker:controld):	 ORPHANED Started c001n11
    * Clone Set: o2cb-clone [o2cb]:
      * Started: [ c001n11 c001n12 ]
    * Clone Set: clone-drbd0 [drbd0]:
      * Started: [ c001n11 c001n12 ]
    * Clone Set: c-ocfs2-1 [ocfs2-1]:
      * Started: [ c001n11 c001n12 ]

Transition Summary:
  * Stop       dlm:0         ( c001n12 )  due to node availability
  * Stop       dlm:1         ( c001n11 )  due to node availability
  * Stop       o2cb:0        ( c001n12 )  due to node availability
  * Stop       o2cb:1        ( c001n11 )  due to node availability
  * Stop       ocfs2-1:0     ( c001n12 )  due to node availability
  * Stop       ocfs2-1:1     ( c001n11 )  due to node availability

Executing Cluster Transition:

Revised Cluster Status:
  * Cluster Summary:
    * CIB syntax has errors (for details, run crm_verify -LV)

  * Node List:
    * Online: [ c001n11 c001n12 ]

  * Full List of Resources:
    * fencing	(stonith:external/ssh):	 Started c001n11
    * Clone Set: dlm-clone [dlm]:
      * dlm	(ocf:pacemaker:controld):	 ORPHANED Started c001n12
      * dlm	(ocf:pacemaker:controld):	 ORPHANED Started c001n11
    * Clone Set: o2cb-clone [o2cb]:
      * Started: [ c001n11 c001n12 ]
    * Clone Set: clone-drbd0 [drbd0]:
      * Started: [ c001n11 c001n12 ]
    * Clone Set: c-ocfs2-1 [ocfs2-1]:
      * Started: [ c001n11 c001n12 ]
