Current cluster status:
  * Cluster Summary:

  * Node List:
    * Online: [ dktest1sles10 dktest2sles10 ]

  * Full List of Resources:
    * stonith-1	(stonith:dummy):	 Stopped
    * Clone Set: ms-drbd1 [drbd1] (promotable):
      * Promoted: [ dktest2sles10 ]
      * Stopped: [ dktest1sles10 ]
    * testip	(ocf:heartbeat:IPaddr2):	 Started dktest2sles10

Transition Summary:
  * Start      stonith-1     (          dktest1sles10 )
  * Stop       drbd1:0       ( Promoted dktest2sles10 )  due to node availability
  * Start      drbd1:1       (          dktest1sles10 )
  * Stop       testip        (          dktest2sles10 )  due to node availability

Executing Cluster Transition:

Revised Cluster Status:
  * Cluster Summary:

  * Node List:
    * Online: [ dktest1sles10 dktest2sles10 ]

  * Full List of Resources:
    * stonith-1	(stonith:dummy):	 Stopped
    * Clone Set: ms-drbd1 [drbd1] (promotable):
      * Promoted: [ dktest2sles10 ]
      * Stopped: [ dktest1sles10 ]
    * testip	(ocf:heartbeat:IPaddr2):	 Started dktest2sles10
