Current cluster status:
  * Cluster Summary:

  * Node List:
    * Node c7auto3: standby (with active resources)
    * Online: [ c7auto1 c7auto2 c7auto4 ]

  * Full List of Resources:
    * shooter	(stonith:fence_phd_kvm):	 Started c7auto1
    * Clone Set: FAKECLONE-clone [FAKECLONE]:
      * Stopped: [ c7auto1 c7auto2 c7auto3 c7auto4 ]
    * Clone Set: FAKECLONE2-clone [FAKECLONE2]:
      * Started: [ c7auto3 c7auto4 ]
      * Stopped: [ c7auto1 c7auto2 ]

Transition Summary:
  * Start      FAKECLONE:0     ( c7auto2 )
  * Start      FAKECLONE:1     ( c7auto1 )
  * Stop       FAKECLONE2:0    ( c7auto3 )  due to node availability
Transition failed: terminated
An invalid transition was produced

Executing Cluster Transition:

Revised Cluster Status:
  * Cluster Summary:

  * Node List:
    * Node c7auto3: standby (with active resources)
    * Online: [ c7auto1 c7auto2 c7auto4 ]

  * Full List of Resources:
    * shooter	(stonith:fence_phd_kvm):	 Started c7auto1
    * Clone Set: FAKECLONE-clone [FAKECLONE]:
      * Stopped: [ c7auto1 c7auto2 c7auto3 c7auto4 ]
    * Clone Set: FAKECLONE2-clone [FAKECLONE2]:
      * Started: [ c7auto3 c7auto4 ]
      * Stopped: [ c7auto1 c7auto2 ]
