Current cluster status:
  * Cluster Summary:

  * Node List:
    * Node c7auto2: standby (with active resources)
    * Node c7auto3: standby (with active resources)
    * Online: [ c7auto1 c7auto4 ]

  * Full List of Resources:
    * shooter	(stonith:fence_phd_kvm):	 Started c7auto1
    * Clone Set: FAKECLONE-clone [FAKECLONE]:
      * Started: [ c7auto1 c7auto2 c7auto3 ]
      * Stopped: [ c7auto4 ]
    * Clone Set: FAKECLONE2-clone [FAKECLONE2]:
      * Started: [ c7auto3 c7auto4 ]
      * Stopped: [ c7auto1 c7auto2 ]

Transition Summary:
  * Stop       FAKECLONE:1     ( c7auto2 )  due to node availability
  * Stop       FAKECLONE:2     ( c7auto3 )  due to node availability
  * Stop       FAKECLONE2:0    ( c7auto3 )  due to node availability
  * Stop       FAKECLONE2:1    ( c7auto4 )  due to unrunnable clone-one-or-more:order-FAKECLONE-clone-FAKECLONE2-clone-mandatory

Executing Cluster Transition:

Revised Cluster Status:
  * Cluster Summary:

  * Node List:
    * Node c7auto2: standby (with active resources)
    * Node c7auto3: standby (with active resources)
    * Online: [ c7auto1 c7auto4 ]

  * Full List of Resources:
    * shooter	(stonith:fence_phd_kvm):	 Started c7auto1
    * Clone Set: FAKECLONE-clone [FAKECLONE]:
      * Started: [ c7auto1 c7auto2 c7auto3 ]
      * Stopped: [ c7auto4 ]
    * Clone Set: FAKECLONE2-clone [FAKECLONE2]:
      * Started: [ c7auto3 c7auto4 ]
      * Stopped: [ c7auto1 c7auto2 ]
