Current cluster status:
  * Cluster Summary:

  * Node List:
    * Online: [ c7auto1 c7auto2 c7auto3 ]

  * Full List of Resources:
    * shooter	(stonith:fence_phd_kvm):	 Started c7auto1
    * Clone Set: FAKE1-clone [FAKE1]:
      * Started: [ c7auto1 c7auto2 c7auto3 ]
    * Clone Set: FAKE2-clone [FAKE2]:
      * Started: [ c7auto1 c7auto2 c7auto3 ]
    * Clone Set: FAKE3-clone [FAKE3]:
      * Started: [ c7auto1 c7auto2 c7auto3 ]

Transition Summary:
  * Stop       FAKE1:0     ( c7auto3 )  due to node availability
  * Stop       FAKE1:2     ( c7auto2 )  due to node availability
  * Stop       FAKE2:0     ( c7auto3 )  due to unrunnable clone-one-or-more:order-FAKE1-clone-FAKE2-clone-mandatory
  * Stop       FAKE2:1     ( c7auto1 )  due to unrunnable clone-one-or-more:order-FAKE1-clone-FAKE2-clone-mandatory
  * Stop       FAKE2:2     ( c7auto2 )  due to unrunnable clone-one-or-more:order-FAKE1-clone-FAKE2-clone-mandatory
  * Stop       FAKE3:0     ( c7auto3 )  due to required FAKE2:0 start
  * Stop       FAKE3:1     ( c7auto1 )  due to required FAKE2:1 start
  * Stop       FAKE3:2     ( c7auto2 )  due to required FAKE2:2 start

Executing Cluster Transition:

Revised Cluster Status:
  * Cluster Summary:

  * Node List:
    * Online: [ c7auto1 c7auto2 c7auto3 ]

  * Full List of Resources:
    * shooter	(stonith:fence_phd_kvm):	 Started c7auto1
    * Clone Set: FAKE1-clone [FAKE1]:
      * Started: [ c7auto1 c7auto2 c7auto3 ]
    * Clone Set: FAKE2-clone [FAKE2]:
      * Started: [ c7auto1 c7auto2 c7auto3 ]
    * Clone Set: FAKE3-clone [FAKE3]:
      * Started: [ c7auto1 c7auto2 c7auto3 ]
