Current cluster status:
  * Cluster Summary:

  * Node List:
    * Node c7auto1: standby (with active resources)
    * Node c7auto2: standby (with active resources)
    * Online: [ c7auto3 c7auto4 ]

  * Full List of Resources:
    * shooter	(stonith:fence_phd_kvm):	 Started c7auto1
    * Clone Set: FAKECLONE-clone [FAKECLONE]:
      * Started: [ c7auto1 c7auto2 c7auto3 ]
      * Stopped: [ c7auto4 ]
    * FAKE	(ocf:heartbeat:Dummy):	 Started c7auto4

Transition Summary:
  * Move       shooter         ( c7auto1 -> c7auto3 )
  * Stop       FAKECLONE:0     (            c7auto1 )  due to node availability
  * Stop       FAKECLONE:1     (            c7auto2 )  due to node availability
  * Stop       FAKE            (            c7auto4 )  due to unrunnable clone-one-or-more:order-FAKECLONE-clone-FAKE-mandatory

Executing Cluster Transition:

Revised Cluster Status:
  * Cluster Summary:

  * Node List:
    * Node c7auto1: standby (with active resources)
    * Node c7auto2: standby (with active resources)
    * Online: [ c7auto3 c7auto4 ]

  * Full List of Resources:
    * shooter	(stonith:fence_phd_kvm):	 Started c7auto1
    * Clone Set: FAKECLONE-clone [FAKECLONE]:
      * Started: [ c7auto1 c7auto2 c7auto3 ]
      * Stopped: [ c7auto4 ]
    * FAKE	(ocf:heartbeat:Dummy):	 Started c7auto4
