Current cluster status:
  * Cluster Summary:

  * Node List:
    * Online: [ pcmk-1 pcmk-2 pcmk-3 ]

  * Full List of Resources:
    * dummy	(ocf:pacemaker:Dummy):	 Stopped
    * Clone Set: clone-1 [child-1]:
      * Stopped: [ pcmk-1 pcmk-2 pcmk-3 ]
    * Clone Set: clone-2 [child-2]:
      * Stopped: [ pcmk-1 pcmk-2 pcmk-3 ]
    * Clone Set: clone-3 [child-3]:
      * Stopped: [ pcmk-1 pcmk-2 pcmk-3 ]

Transition Summary:
  * Start      dummy         ( pcmk-1 )
  * Start      child-1:0     ( pcmk-2 )
  * Start      child-1:1     ( pcmk-3 )
  * Start      child-1:2     ( pcmk-1 )
  * Start      child-2:0     ( pcmk-2 )
  * Start      child-2:1     ( pcmk-3 )
  * Start      child-3:1     ( pcmk-2 )
  * Start      child-3:2     ( pcmk-3 )

Executing Cluster Transition:

Revised Cluster Status:
  * Cluster Summary:

  * Node List:
    * Online: [ pcmk-1 pcmk-2 pcmk-3 ]

  * Full List of Resources:
    * dummy	(ocf:pacemaker:Dummy):	 Stopped
    * Clone Set: clone-1 [child-1]:
      * Stopped: [ pcmk-1 pcmk-2 pcmk-3 ]
    * Clone Set: clone-2 [child-2]:
      * Stopped: [ pcmk-1 pcmk-2 pcmk-3 ]
    * Clone Set: clone-3 [child-3]:
      * Stopped: [ pcmk-1 pcmk-2 pcmk-3 ]
