Current cluster status:
  * Cluster Summary:
    * CIB syntax has errors (for details, run crm_verify -LV)

  * Node List:
    * Online: [ rhel7-1 rhel7-2 rhel7-3 rhel7-4 rhel7-5 ]
    * GuestOnline: [ bundle10-0 bundle10-1 bundle11-0 bundle11-1 ]

  * Full List of Resources:
    * Fencing	(stonith:fence_xvm):	 Started rhel7-1
    * rsc1a	(ocf:pacemaker:Dummy):	 Started rhel7-2
    * rsc1b	(ocf:pacemaker:Dummy):	 Started rhel7-2
    * rsc2a	(ocf:pacemaker:Dummy):	 Started rhel7-4
    * rsc2b	(ocf:pacemaker:Dummy):	 Started rhel7-4
    * rsc3a	(ocf:pacemaker:Dummy):	 Stopped
    * rsc3b	(ocf:pacemaker:Dummy):	 Stopped
    * rsc4a	(ocf:pacemaker:Dummy):	 Started rhel7-3
    * rsc4b	(ocf:pacemaker:Dummy):	 Started rhel7-3
    * rsc5a	(ocf:pacemaker:Dummy):	 Started rhel7-1
    * Resource Group: group5a:
      * rsc5a1	(ocf:pacemaker:Dummy):	 Started rhel7-1
      * rsc5a2	(ocf:pacemaker:Dummy):	 Started rhel7-1
    * Resource Group: group6a:
      * rsc6a1	(ocf:pacemaker:Dummy):	 Started rhel7-2
      * rsc6a2	(ocf:pacemaker:Dummy):	 Started rhel7-2
    * rsc6a	(ocf:pacemaker:Dummy):	 Started rhel7-2
    * Resource Group: group7a:
      * rsc7a1	(ocf:pacemaker:Dummy):	 Started rhel7-3
      * rsc7a2	(ocf:pacemaker:Dummy):	 Started rhel7-3
    * Clone Set: rsc8a-clone [rsc8a]:
      * Started: [ rhel7-1 rhel7-3 rhel7-4 ]
    * Clone Set: rsc8b-clone [rsc8b]:
      * Started: [ rhel7-1 rhel7-3 rhel7-4 ]
    * rsc9a	(ocf:pacemaker:Dummy):	 Started rhel7-4
    * rsc9b	(ocf:pacemaker:Dummy):	 Started rhel7-4
    * rsc9c	(ocf:pacemaker:Dummy):	 Started rhel7-4
    * rsc10a	(ocf:pacemaker:Dummy):	 Started rhel7-2
    * rsc11a	(ocf:pacemaker:Dummy):	 Started rhel7-1
    * rsc12a	(ocf:pacemaker:Dummy):	 Started rhel7-1
    * rsc12b	(ocf:pacemaker:Dummy):	 Started rhel7-1
    * rsc12c	(ocf:pacemaker:Dummy):	 Started rhel7-1
    * Container bundle set: bundle10 [pcmktest:http]:
      * bundle10-0 (192.168.122.131)	(ocf:heartbeat:apache):	 Started rhel7-2
      * bundle10-1 (192.168.122.132)	(ocf:heartbeat:apache):	 Started rhel7-3
    * Container bundle set: bundle11 [pcmktest:http]:
      * bundle11-0 (192.168.122.134)	(ocf:pacemaker:Dummy):	 Started rhel7-1
      * bundle11-1 (192.168.122.135)	(ocf:pacemaker:Dummy):	 Stopped
    * rsc13a	(ocf:pacemaker:Dummy):	 Started rhel7-3
    * Clone Set: rsc13b-clone [rsc13b] (promotable):
      * Promoted: [ rhel7-3 ]
      * Unpromoted: [ rhel7-1 rhel7-2 rhel7-4 ]
      * Stopped: [ rhel7-5 ]
    * rsc14b	(ocf:pacemaker:Dummy):	 Started rhel7-4
    * Clone Set: rsc14a-clone [rsc14a] (promotable):
      * Promoted: [ rhel7-4 ]
      * Unpromoted: [ rhel7-1 rhel7-2 rhel7-3 ]
      * Stopped: [ rhel7-5 ]

Transition Summary:
  * Move       rsc1a          ( rhel7-2 -> rhel7-3 )
  * Move       rsc1b          ( rhel7-2 -> rhel7-3 )
  * Stop       rsc2a          (            rhel7-4 )  due to node availability
  * Start      rsc3a          (            rhel7-2 )
  * Start      rsc3b          (            rhel7-2 )
  * Stop       rsc4a          (            rhel7-3 )  due to node availability
  * Stop       rsc5a          (            rhel7-1 )  due to node availability
  * Stop       rsc6a1         (            rhel7-2 )  due to node availability
  * Stop       rsc6a2         (            rhel7-2 )  due to node availability
  * Stop       rsc7a2         (            rhel7-3 )  due to node availability
  * Stop       rsc8a:1        (            rhel7-4 )  due to node availability
  * Stop       rsc9c          (            rhel7-4 )  due to node availability
  * Move       rsc10a         ( rhel7-2 -> rhel7-3 )
  * Stop       rsc12b         (            rhel7-1 )  due to node availability
  * Start      bundle11-1     (            rhel7-5 )  due to unrunnable bundle11-docker-1 start (blocked)
  * Start      bundle11a:1    (         bundle11-1 )  due to unrunnable bundle11-docker-1 start (blocked)
  * Stop       rsc13a         (            rhel7-3 )  due to node availability
  * Stop       rsc14a:1       (   Promoted rhel7-4 )  due to node availability
Transition failed: terminated
An invalid transition was produced

Executing Cluster Transition:

Revised Cluster Status:
  * Cluster Summary:
    * CIB syntax has errors (for details, run crm_verify -LV)

  * Node List:
    * Online: [ rhel7-1 rhel7-2 rhel7-3 rhel7-4 rhel7-5 ]
    * GuestOnline: [ bundle10-0 bundle10-1 bundle11-0 bundle11-1 ]

  * Full List of Resources:
    * Fencing	(stonith:fence_xvm):	 Started rhel7-1
    * rsc1a	(ocf:pacemaker:Dummy):	 Started rhel7-2
    * rsc1b	(ocf:pacemaker:Dummy):	 Started rhel7-2
    * rsc2a	(ocf:pacemaker:Dummy):	 Started rhel7-4
    * rsc2b	(ocf:pacemaker:Dummy):	 Started rhel7-4
    * rsc3a	(ocf:pacemaker:Dummy):	 Stopped
    * rsc3b	(ocf:pacemaker:Dummy):	 Stopped
    * rsc4a	(ocf:pacemaker:Dummy):	 Started rhel7-3
    * rsc4b	(ocf:pacemaker:Dummy):	 Started rhel7-3
    * rsc5a	(ocf:pacemaker:Dummy):	 Started rhel7-1
    * Resource Group: group5a:
      * rsc5a1	(ocf:pacemaker:Dummy):	 Started rhel7-1
      * rsc5a2	(ocf:pacemaker:Dummy):	 Started rhel7-1
    * Resource Group: group6a:
      * rsc6a1	(ocf:pacemaker:Dummy):	 Started rhel7-2
      * rsc6a2	(ocf:pacemaker:Dummy):	 Started rhel7-2
    * rsc6a	(ocf:pacemaker:Dummy):	 Started rhel7-2
    * Resource Group: group7a:
      * rsc7a1	(ocf:pacemaker:Dummy):	 Started rhel7-3
      * rsc7a2	(ocf:pacemaker:Dummy):	 Started rhel7-3
    * Clone Set: rsc8a-clone [rsc8a]:
      * Started: [ rhel7-1 rhel7-3 rhel7-4 ]
    * Clone Set: rsc8b-clone [rsc8b]:
      * Started: [ rhel7-1 rhel7-3 rhel7-4 ]
    * rsc9a	(ocf:pacemaker:Dummy):	 Started rhel7-4
    * rsc9b	(ocf:pacemaker:Dummy):	 Started rhel7-4
    * rsc9c	(ocf:pacemaker:Dummy):	 Started rhel7-4
    * rsc10a	(ocf:pacemaker:Dummy):	 Started rhel7-2
    * rsc11a	(ocf:pacemaker:Dummy):	 Started rhel7-1
    * rsc12a	(ocf:pacemaker:Dummy):	 Started rhel7-1
    * rsc12b	(ocf:pacemaker:Dummy):	 Started rhel7-1
    * rsc12c	(ocf:pacemaker:Dummy):	 Started rhel7-1
    * Container bundle set: bundle10 [pcmktest:http]:
      * bundle10-0 (192.168.122.131)	(ocf:heartbeat:apache):	 Started rhel7-2
      * bundle10-1 (192.168.122.132)	(ocf:heartbeat:apache):	 Started rhel7-3
    * Container bundle set: bundle11 [pcmktest:http]:
      * bundle11-0 (192.168.122.134)	(ocf:pacemaker:Dummy):	 Started rhel7-1
      * bundle11-1 (192.168.122.135)	(ocf:pacemaker:Dummy):	 Stopped
    * rsc13a	(ocf:pacemaker:Dummy):	 Started rhel7-3
    * Clone Set: rsc13b-clone [rsc13b] (promotable):
      * Promoted: [ rhel7-3 ]
      * Unpromoted: [ rhel7-1 rhel7-2 rhel7-4 ]
      * Stopped: [ rhel7-5 ]
    * rsc14b	(ocf:pacemaker:Dummy):	 Started rhel7-4
    * Clone Set: rsc14a-clone [rsc14a] (promotable):
      * Promoted: [ rhel7-4 ]
      * Unpromoted: [ rhel7-1 rhel7-2 rhel7-3 ]
      * Stopped: [ rhel7-5 ]
