Using the original execution date of: 2023-06-20 20:45:06Z
Current cluster status:
  * Node List:
    * Online: [ rhel8-1 rhel8-2 rhel8-3 rhel8-4 rhel8-5 ]

  * Full List of Resources:
    * Fencing	(stonith:fence_xvm):	 Started rhel8-1
    * vip-dep	(ocf:pacemaker:Dummy):	 Started rhel8-3
    * Resource Group: grp:
      * foo	(ocf:pacemaker:Dummy):	 Started rhel8-4
      * bar	(ocf:pacemaker:Dummy):	 Started rhel8-4
      * vip	(ocf:pacemaker:Dummy):	 Started rhel8-3

Transition Summary:
  * Stop       vip     ( rhel8-3 )  due to node availability

Executing Cluster Transition:
  * Pseudo action:   grp_stop_0
  * Resource action: vip             stop on rhel8-3
  * Pseudo action:   grp_stopped_0
Using the original execution date of: 2023-06-20 20:45:06Z

Revised Cluster Status:
  * Node List:
    * Online: [ rhel8-1 rhel8-2 rhel8-3 rhel8-4 rhel8-5 ]

  * Full List of Resources:
    * Fencing	(stonith:fence_xvm):	 Started rhel8-1
    * vip-dep	(ocf:pacemaker:Dummy):	 Started rhel8-3
    * Resource Group: grp:
      * foo	(ocf:pacemaker:Dummy):	 Started rhel8-4
      * bar	(ocf:pacemaker:Dummy):	 Started rhel8-4
      * vip	(ocf:pacemaker:Dummy):	 Stopped
