3 of 6 resource instances DISABLED and 0 BLOCKED from further action due to failure

Current cluster status:
  * Cluster Summary:

  * Node List:
    * Online: [ rhel7-auto1 rhel7-auto2 rhel7-auto3 ]

  * Full List of Resources:
    * shooter	(stonith:fence_xvm):	 Started rhel7-auto2
    * engine	(ocf:heartbeat:Dummy):	 Started rhel7-auto3
    * Clone Set: keystone-clone [keystone] (disabled):
      * Started: [ rhel7-auto1 rhel7-auto2 rhel7-auto3 ]
    * central	(ocf:heartbeat:Dummy):	 Started rhel7-auto3

Transition Summary:
  * Stop       engine         ( rhel7-auto3 )  due to colocation with central
  * Stop       keystone:0     ( rhel7-auto2 )  due to node availability
  * Stop       keystone:1     ( rhel7-auto3 )  due to node availability
  * Stop       keystone:2     ( rhel7-auto1 )  due to node availability
  * Stop       central        ( rhel7-auto3 )  due to unrunnable keystone-clone running

Executing Cluster Transition:

Revised Cluster Status:
  * Cluster Summary:

  * Node List:
    * Online: [ rhel7-auto1 rhel7-auto2 rhel7-auto3 ]

  * Full List of Resources:
    * shooter	(stonith:fence_xvm):	 Started rhel7-auto2
    * engine	(ocf:heartbeat:Dummy):	 Started rhel7-auto3
    * Clone Set: keystone-clone [keystone] (disabled):
      * Started: [ rhel7-auto1 rhel7-auto2 rhel7-auto3 ]
    * central	(ocf:heartbeat:Dummy):	 Started rhel7-auto3
