Current cluster status:
  * Cluster Summary:

  * Node List:
    * Online: [ cluster01 cluster02 ]

  * Full List of Resources:
    * Fencing	(stonith:fence_xvm):	 Started cluster01
    * Clone Set: ping-1-clone [ping-1]:
      * Stopped (not installed): [ cluster01 cluster02 ]
    * Clone Set: ping-2-clone [ping-2]:
      * Stopped: [ cluster02 ]
      * Stopped (not installed): [ cluster01 ]
    * Clone Set: ping-3-clone [ping-3]:
      * ping-3	(ocf:pacemaker:ping):	 FAILED cluster01
      * Stopped (not installed): [ cluster02 ]

Transition Summary:
  * Start      ping-2:0     ( cluster02 )
  * Stop       ping-3:0     ( cluster01 )  due to node availability

Executing Cluster Transition:

Revised Cluster Status:
  * Cluster Summary:

  * Node List:
    * Online: [ cluster01 cluster02 ]

  * Full List of Resources:
    * Fencing	(stonith:fence_xvm):	 Started cluster01
    * Clone Set: ping-1-clone [ping-1]:
      * Stopped (not installed): [ cluster01 cluster02 ]
    * Clone Set: ping-2-clone [ping-2]:
      * Stopped: [ cluster02 ]
      * Stopped (not installed): [ cluster01 ]
    * Clone Set: ping-3-clone [ping-3]:
      * ping-3	(ocf:pacemaker:ping):	 FAILED cluster01
      * Stopped (not installed): [ cluster02 ]
