Current cluster status:
  * Cluster Summary:

  * Node List:
    * Online: [ node1 node2 ]

  * Full List of Resources:
    * Resource Group: rsc1:
      * child_rsc1	(ocf:heartbeat:apache):	 Started node1
      * child_rsc2	(ocf:heartbeat:apache):	 Started node1
      * child_rsc3	(ocf:heartbeat:apache):	 Started node1
    * Resource Group: rsc2:
      * child_rsc4	(ocf:heartbeat:apache):	 Started node1
      * child_rsc5	(ocf:heartbeat:apache):	 Started node1
      * child_rsc6	(ocf:heartbeat:apache):	 Started node1

Transition Summary:
  * Move       child_rsc1     ( node1 -> node2 )
  * Move       child_rsc2     ( node1 -> node2 )
  * Move       child_rsc3     ( node1 -> node2 )
  * Move       child_rsc4     ( node1 -> node2 )
  * Move       child_rsc5     ( node1 -> node2 )
  * Move       child_rsc6     ( node1 -> node2 )

Executing Cluster Transition:

Revised Cluster Status:
  * Cluster Summary:

  * Node List:
    * Online: [ node1 node2 ]

  * Full List of Resources:
    * Resource Group: rsc1:
      * child_rsc1	(ocf:heartbeat:apache):	 Started node1
      * child_rsc2	(ocf:heartbeat:apache):	 Started node1
      * child_rsc3	(ocf:heartbeat:apache):	 Started node1
    * Resource Group: rsc2:
      * child_rsc4	(ocf:heartbeat:apache):	 Started node1
      * child_rsc5	(ocf:heartbeat:apache):	 Started node1
      * child_rsc6	(ocf:heartbeat:apache):	 Started node1
