Current cluster status:
  * Cluster Summary:

  * Node List:
    * Node rhel7-1: UNCLEAN (offline)
    * Online: [ rhel7-2 rhel7-3 rhel7-4 rhel7-5 ]
    * GuestOnline: [ lxc1 lxc2 ]

  * Full List of Resources:
    * Fencing	(stonith:fence_xvm):	 Started rhel7-4
    * rsc_rhel7-1	(ocf:heartbeat:IPaddr2):	 Started rhel7-1 (UNCLEAN)
    * container1	(ocf:heartbeat:VirtualDomain):	 FAILED rhel7-1 (UNCLEAN)
    * container2	(ocf:heartbeat:VirtualDomain):	 FAILED rhel7-1 (UNCLEAN)
    * Clone Set: lxc-ms-master [lxc-ms] (promotable):
      * lxc-ms	(ocf:pacemaker:Stateful):	 FAILED Promoted lxc1
      * lxc-ms	(ocf:pacemaker:Stateful):	 FAILED lxc2
      * Stopped: [ rhel7-1 rhel7-2 rhel7-3 rhel7-4 rhel7-5 ]

Transition Summary:
  * Fence (reboot) lxc2 (resource: container2) 'guest is unclean'
  * Fence (reboot) lxc1 (resource: container1) 'guest is unclean'
  * Fence (reboot) rhel7-1 'rsc_rhel7-1 is thought to be active there'
  * Restart    Fencing         (            rhel7-4 )  due to resource definition change
  * Move       rsc_rhel7-1     ( rhel7-1 -> rhel7-5 )
  * Recover    container1      ( rhel7-1 -> rhel7-2 )
  * Recover    container2      ( rhel7-1 -> rhel7-3 )
  * Recover    lxc-ms:0        (      Promoted lxc1 )
  * Recover    lxc-ms:1        (    Unpromoted lxc2 )
  * Move       lxc1            ( rhel7-1 -> rhel7-2 )
  * Move       lxc2            ( rhel7-1 -> rhel7-3 )

Executing Cluster Transition:

Revised Cluster Status:
  * Cluster Summary:

  * Node List:
    * Node rhel7-1: UNCLEAN (offline)
    * Online: [ rhel7-2 rhel7-3 rhel7-4 rhel7-5 ]
    * GuestOnline: [ lxc1 lxc2 ]

  * Full List of Resources:
    * Fencing	(stonith:fence_xvm):	 Started rhel7-4
    * rsc_rhel7-1	(ocf:heartbeat:IPaddr2):	 Started rhel7-1 (UNCLEAN)
    * container1	(ocf:heartbeat:VirtualDomain):	 FAILED rhel7-1 (UNCLEAN)
    * container2	(ocf:heartbeat:VirtualDomain):	 FAILED rhel7-1 (UNCLEAN)
    * Clone Set: lxc-ms-master [lxc-ms] (promotable):
      * lxc-ms	(ocf:pacemaker:Stateful):	 FAILED Promoted lxc1
      * lxc-ms	(ocf:pacemaker:Stateful):	 FAILED lxc2
      * Stopped: [ rhel7-1 rhel7-2 rhel7-3 rhel7-4 rhel7-5 ]
