Current cluster status:
  * Cluster Summary:

  * Node List:
    * Online: [ node1 node2 ]

  * Full List of Resources:
    * rsc1	(ocf:heartbeat:apache):	 Stopped
    * Clone Set: rsc2 [child_rsc2] (unique):
      * child_rsc2:0	(ocf:heartbeat:apache):	 Stopped
      * child_rsc2:1	(ocf:heartbeat:apache):	 Stopped
      * child_rsc2:2	(ocf:heartbeat:apache):	 Stopped
      * child_rsc2:3	(ocf:heartbeat:apache):	 Stopped
      * child_rsc2:4	(ocf:heartbeat:apache):	 Stopped
    * rsc3	(ocf:heartbeat:apache):	 Stopped

Transition Summary:
  * Start      rsc1             ( node1 )
  * Start      child_rsc2:0     ( node2 )
  * Start      child_rsc2:1     ( node1 )
  * Start      child_rsc2:2     ( node2 )
  * Start      child_rsc2:3     ( node1 )
  * Start      rsc3             ( node2 )

Executing Cluster Transition:

Revised Cluster Status:
  * Cluster Summary:

  * Node List:
    * Online: [ node1 node2 ]

  * Full List of Resources:
    * rsc1	(ocf:heartbeat:apache):	 Stopped
    * Clone Set: rsc2 [child_rsc2] (unique):
      * child_rsc2:0	(ocf:heartbeat:apache):	 Stopped
      * child_rsc2:1	(ocf:heartbeat:apache):	 Stopped
      * child_rsc2:2	(ocf:heartbeat:apache):	 Stopped
      * child_rsc2:3	(ocf:heartbeat:apache):	 Stopped
      * child_rsc2:4	(ocf:heartbeat:apache):	 Stopped
    * rsc3	(ocf:heartbeat:apache):	 Stopped
