Current cluster status:
  * Node List:
    * Online: [ node0 node1 node2 ]

  * Full List of Resources:
    * simple-rsc	(ocf:heartbeat:apache):	 Stopped
    * Clone Set: rsc1 [child_rsc1] (promotable, unique):
      * child_rsc1:0	(ocf:heartbeat:apache):	 Stopped
      * child_rsc1:1	(ocf:heartbeat:apache):	 Stopped

Transition Summary:
  * Start      simple-rsc     (                     node2 )
  * Start      child_rsc1:0   (                     node1 )
  * Promote    child_rsc1:1   ( Stopped -> Promoted node2 )

Executing Cluster Transition:
  * Resource action: simple-rsc      monitor on node2
  * Resource action: simple-rsc      monitor on node1
  * Resource action: simple-rsc      monitor on node0
  * Resource action: child_rsc1:0    monitor on node2
  * Resource action: child_rsc1:0    monitor on node1
  * Resource action: child_rsc1:0    monitor on node0
  * Resource action: child_rsc1:1    monitor on node2
  * Resource action: child_rsc1:1    monitor on node1
  * Resource action: child_rsc1:1    monitor on node0
  * Pseudo action:   rsc1_start_0
  * Resource action: simple-rsc      start on node2
  * Resource action: child_rsc1:0    start on node1
  * Resource action: child_rsc1:1    start on node2
  * Pseudo action:   rsc1_running_0
  * Pseudo action:   rsc1_promote_0
  * Resource action: child_rsc1:1    promote on node2
  * Pseudo action:   rsc1_promoted_0

Revised Cluster Status:
  * Node List:
    * Online: [ node0 node1 node2 ]

  * Full List of Resources:
    * simple-rsc	(ocf:heartbeat:apache):	 Started node2
    * Clone Set: rsc1 [child_rsc1] (promotable, unique):
      * child_rsc1:0	(ocf:heartbeat:apache):	 Unpromoted node1
      * child_rsc1:1	(ocf:heartbeat:apache):	 Promoted node2
