Current cluster status:
  * Cluster Summary:

  * Node List:
    * Node node1: UNCLEAN (offline)
    * Online: [ node2 ]

  * Full List of Resources:
    * Clone Set: stonithcloneset [stonithclone]:
      * stonithclone	(stonith:external/ssh):	 Started node1 (UNCLEAN)
      * Started: [ node2 ]
    * Clone Set: evmscloneset [evmsclone]:
      * evmsclone	(ocf:heartbeat:EvmsSCC):	 Started node1 (UNCLEAN)
      * Started: [ node2 ]
    * Clone Set: imagestorecloneset [imagestoreclone] (disabled):
      * imagestoreclone	(ocf:heartbeat:Filesystem):	 Started node1 (UNCLEAN)
      * Started: [ node2 ]
    * Clone Set: configstorecloneset [configstoreclone]:
      * configstoreclone	(ocf:heartbeat:Filesystem):	 Started node1 (UNCLEAN)
      * Started: [ node2 ]

Transition Summary:
  * Fence (reboot) node1 'peer is no longer part of the cluster'
  * Stop       stonithclone:1        ( node1 )  due to node availability
  * Stop       evmsclone:1           ( node1 )  due to node availability
  * Stop       imagestoreclone:1     ( node1 )  due to node availability
  * Stop       configstoreclone:1    ( node1 )  due to node availability
Transition failed: terminated
An invalid transition was produced

Executing Cluster Transition:

Revised Cluster Status:
  * Cluster Summary:

  * Node List:
    * Node node1: UNCLEAN (offline)
    * Online: [ node2 ]

  * Full List of Resources:
    * Clone Set: stonithcloneset [stonithclone]:
      * stonithclone	(stonith:external/ssh):	 Started node1 (UNCLEAN)
      * Started: [ node2 ]
    * Clone Set: evmscloneset [evmsclone]:
      * evmsclone	(ocf:heartbeat:EvmsSCC):	 Started node1 (UNCLEAN)
      * Started: [ node2 ]
    * Clone Set: imagestorecloneset [imagestoreclone] (disabled):
      * imagestoreclone	(ocf:heartbeat:Filesystem):	 Started node1 (UNCLEAN)
      * Started: [ node2 ]
    * Clone Set: configstorecloneset [configstoreclone]:
      * configstoreclone	(ocf:heartbeat:Filesystem):	 Started node1 (UNCLEAN)
      * Started: [ node2 ]
