Using the original execution date of: 2022-12-02 17:04:52Z
Current cluster status:
  * Node List:
    * Node node-2: pending
    * Online: [ node-1 node-3 ]

  * Full List of Resources:
    * st-sbd	(stonith:external/sbd):	 Started node-1
    * Clone Set: promotable-1 [stateful-1] (promotable):
      * stateful-1	(ocf:pacemaker:Stateful):	 Stopped node-1 (Monitoring)
      * Promoted: [ node-3 ]
      * Stopped: [ node-1 node-2 ]

Transition Summary:
  * Start      stateful-1:2     ( node-1 )  due to unrunnable stateful-1:0 monitor (blocked)

Executing Cluster Transition:
  * Pseudo action:   promotable-1_start_0
  * Pseudo action:   promotable-1_running_0
Using the original execution date of: 2022-12-02 17:04:52Z

Revised Cluster Status:
  * Node List:
    * Node node-2: pending
    * Online: [ node-1 node-3 ]

  * Full List of Resources:
    * st-sbd	(stonith:external/sbd):	 Started node-1
    * Clone Set: promotable-1 [stateful-1] (promotable):
      * Promoted: [ node-3 ]
      * Stopped: [ node-1 node-2 ]
