Using the original execution date of: 2020-06-17 17:26:35Z
Current cluster status:
  * Node List:
    * Online: [ rhel7-1 rhel7-2 ]
    * OFFLINE: [ rhel7-3 rhel7-4 rhel7-5 ]

  * Full List of Resources:
    * Fencing	(stonith:fence_xvm):	 Started rhel7-1
    * Clone Set: rsc1-clone [rsc1] (promotable):
      * Promoted: [ rhel7-1 ]
      * Unpromoted: [ rhel7-2 ]
      * Stopped: [ rhel7-3 rhel7-4 rhel7-5 ]
    * rsc2	(ocf:pacemaker:Dummy):	 Started rhel7-2

Transition Summary:
  * Stop       Fencing     (                        rhel7-1 )  due to no quorum
  * Demote     rsc1:0      ( Promoted -> Unpromoted rhel7-1 )
  * Stop       rsc2        (                        rhel7-2 )  due to no quorum

Executing Cluster Transition:
  * Resource action: Fencing         stop on rhel7-1
  * Resource action: rsc1            cancel=10000 on rhel7-1
  * Pseudo action:   rsc1-clone_demote_0
  * Resource action: rsc2            stop on rhel7-2
  * Resource action: rsc1            demote on rhel7-1
  * Pseudo action:   rsc1-clone_demoted_0
  * Resource action: rsc1            monitor=11000 on rhel7-1
Using the original execution date of: 2020-06-17 17:26:35Z

Revised Cluster Status:
  * Node List:
    * Online: [ rhel7-1 rhel7-2 ]
    * OFFLINE: [ rhel7-3 rhel7-4 rhel7-5 ]

  * Full List of Resources:
    * Fencing	(stonith:fence_xvm):	 Stopped
    * Clone Set: rsc1-clone [rsc1] (promotable):
      * Unpromoted: [ rhel7-1 rhel7-2 ]
      * Stopped: [ rhel7-3 rhel7-4 rhel7-5 ]
    * rsc2	(ocf:pacemaker:Dummy):	 Stopped
