Current cluster status:
  * Cluster Summary:

  * Node List:
    * Online: [ node1 node2 ]

  * Full List of Resources:
    * Clone Set: stonithcloneset [stonithclone]:
      * Started: [ node2 ]
      * Stopped: [ node1 ]
    * Clone Set: evmsdcloneset [evmsdclone]:
      * Started: [ node2 ]
      * Stopped: [ node1 ]
    * Clone Set: evmscloneset [evmsclone]:
      * Started: [ node2 ]
      * Stopped: [ node1 ]
    * Clone Set: imagestorecloneset [imagestoreclone]:
      * Started: [ node2 ]
      * Stopped: [ node1 ]
    * Clone Set: configstorecloneset [configstoreclone]:
      * Started: [ node2 ]
      * Stopped: [ node1 ]
    * sles10	(ocf:heartbeat:Xen):	 Started node2

Transition Summary:
  * Start      stonithclone:1        (          node1 )
  * Start      evmsdclone:1          (          node1 )
  * Start      evmsclone:1           (          node1 )
  * Start      imagestoreclone:1     (          node1 )
  * Start      configstoreclone:1    (          node1 )
  * Migrate    sles10                ( node2 -> node1 )

Executing Cluster Transition:
  * Resource action: evmsclone:0     notify on node2
  * Resource action: imagestoreclone:0 notify on node2
  * Resource action: configstoreclone:0 notify on node2

Revised Cluster Status:
  * Cluster Summary:

  * Node List:
    * Online: [ node1 node2 ]

  * Full List of Resources:
    * Clone Set: stonithcloneset [stonithclone]:
      * Started: [ node2 ]
      * Stopped: [ node1 ]
    * Clone Set: evmsdcloneset [evmsdclone]:
      * Started: [ node2 ]
      * Stopped: [ node1 ]
    * Clone Set: evmscloneset [evmsclone]:
      * Started: [ node2 ]
      * Stopped: [ node1 ]
    * Clone Set: imagestorecloneset [imagestoreclone]:
      * Started: [ node2 ]
      * Stopped: [ node1 ]
    * Clone Set: configstorecloneset [configstoreclone]:
      * Started: [ node2 ]
      * Stopped: [ node1 ]
    * sles10	(ocf:heartbeat:Xen):	 Started node2
