0 of 6 resource instances DISABLED and 1 BLOCKED from further action due to failure

Current cluster status:
  * Cluster Summary:

  * Node List:
    * Online: [ node1 ]

  * Full List of Resources:
    * rsc1	(ocf:heartbeat:apache):	 Started node1
    * rsc2	(ocf:heartbeat:apache):	 Stopped
    * rsc3	(ocf:heartbeat:apache):	 Stopped
    * rscA	(ocf:heartbeat:apache):	 FAILED node1 (blocked)
    * rscB	(ocf:heartbeat:apache):	 Stopped
    * rscC	(ocf:heartbeat:apache):	 Stopped

Transition Summary:
  * Start      rsc2    ( node1 )
  * Start      rsc3    ( node1 )
  * Start      rscB    ( node1 )
  * Start      rscC    ( node1 )  due to unrunnable rscA start (blocked)

Executing Cluster Transition:

Revised Cluster Status:
  * Cluster Summary:

  * Node List:
    * Online: [ node1 ]

  * Full List of Resources:
    * rsc1	(ocf:heartbeat:apache):	 Started node1
    * rsc2	(ocf:heartbeat:apache):	 Stopped
    * rsc3	(ocf:heartbeat:apache):	 Stopped
    * rscA	(ocf:heartbeat:apache):	 FAILED node1 (blocked)
    * rscB	(ocf:heartbeat:apache):	 Stopped
    * rscC	(ocf:heartbeat:apache):	 Stopped
