Current cluster status:
  * Cluster Summary:
    * CIB syntax has errors (for details, run crm_verify -LV)

  * Node List:
    * Node xen-a: standby (with active resources)
    * Online: [ xen-b ]

  * Full List of Resources:
    * xen-a-fencing	(stonith:external/ipmi):	 Started xen-b
    * xen-b-fencing	(stonith:external/ipmi):	 Started xen-a
    * db	(ocf:heartbeat:Xen):	 Started xen-a
    * dbreplica	(ocf:heartbeat:Xen):	 Started xen-b
    * core-101	(ocf:heartbeat:Xen):	 Started xen-a
    * core-200	(ocf:heartbeat:Xen):	 Started xen-a
    * sysadmin	(ocf:heartbeat:Xen):	 Started xen-b
    * edge	(ocf:heartbeat:Xen):	 Started xen-a
    * base	(ocf:heartbeat:Xen):	 Started xen-a
    * Email_Alerting	(ocf:heartbeat:MailTo):	 Started xen-b

Transition Summary:
  * Restart    xen-a-fencing     (          xen-b )  due to resource definition change
  * Stop       xen-b-fencing     (          xen-a )  due to node availability
  * Migrate    db                ( xen-a -> xen-b )
  * Migrate    core-101          ( xen-a -> xen-b )
  * Migrate    core-200          ( xen-a -> xen-b )
  * Migrate    edge              ( xen-a -> xen-b )
  * Migrate    base              ( xen-a -> xen-b )

Executing Cluster Transition:

Revised Cluster Status:
  * Cluster Summary:
    * CIB syntax has errors (for details, run crm_verify -LV)

  * Node List:
    * Node xen-a: standby (with active resources)
    * Online: [ xen-b ]

  * Full List of Resources:
    * xen-a-fencing	(stonith:external/ipmi):	 Started xen-b
    * xen-b-fencing	(stonith:external/ipmi):	 Started xen-a
    * db	(ocf:heartbeat:Xen):	 Started xen-a
    * dbreplica	(ocf:heartbeat:Xen):	 Started xen-b
    * core-101	(ocf:heartbeat:Xen):	 Started xen-a
    * core-200	(ocf:heartbeat:Xen):	 Started xen-a
    * sysadmin	(ocf:heartbeat:Xen):	 Started xen-b
    * edge	(ocf:heartbeat:Xen):	 Started xen-a
    * base	(ocf:heartbeat:Xen):	 Started xen-a
    * Email_Alerting	(ocf:heartbeat:MailTo):	 Started xen-b
