Current cluster status:
  * Cluster Summary:
    * CIB syntax has errors (for details, run crm_verify -LV)

  * Node List:
    * Online: [ c001n01 c001n02 c001n03 c001n08 ]

  * Full List of Resources:
    * DcIPaddr	(ocf:heartbeat:IPaddr):	 Started c001n02
    * rsc_c001n02	(ocf:heartbeat:IPaddr):	 Started c001n02
    * rsc_c001n03	(ocf:heartbeat:IPaddr):	 Started c001n03
    * rsc_c001n01	(ocf:heartbeat:IPaddr):	 Started c001n01
    * rsc_c001n08	(ocf:heartbeat:IPaddr):	 ORPHANED Started c001n08

Transition Summary:
  * Stop       rsc_c001n08     ( c001n08 )  due to node availability

Executing Cluster Transition:

Revised Cluster Status:
  * Cluster Summary:
    * CIB syntax has errors (for details, run crm_verify -LV)

  * Node List:
    * Online: [ c001n01 c001n02 c001n03 c001n08 ]

  * Full List of Resources:
    * DcIPaddr	(ocf:heartbeat:IPaddr):	 Started c001n02
    * rsc_c001n02	(ocf:heartbeat:IPaddr):	 Started c001n02
    * rsc_c001n03	(ocf:heartbeat:IPaddr):	 Started c001n03
    * rsc_c001n01	(ocf:heartbeat:IPaddr):	 Started c001n01
    * rsc_c001n08	(ocf:heartbeat:IPaddr):	 ORPHANED Started c001n08
