Current cluster status:
  * Cluster Summary:

  * Node List:
    * Online: [ node1 node2 node3 node4 node5 ]

  * Full List of Resources:
    * Fencing	(stonith:fence_xvm):	 Started node1
    * Clone Set: rsc2-clone [rsc2] (promotable):
      * Stopped: [ node1 node2 node3 node4 node5 ]
    * rsc1	(ocf:pacemaker:Dummy):	 Stopped
    * Resource Group: group1:
      * group1rsc1	(ocf:pacemaker:Dummy):	 Stopped
      * group1rsc2	(ocf:pacemaker:Dummy):	 Stopped

Transition Summary:
  * Promote    rsc2:0         ( Stopped -> Promoted node5 )
  * Start      rsc2:1         (                     node2 )
  * Start      rsc2:2         (                     node3 )
  * Start      rsc1           (                     node5 )
  * Start      group1rsc1     (                     node5 )
  * Start      group1rsc2     (                     node5 )

Executing Cluster Transition:

Revised Cluster Status:
  * Cluster Summary:

  * Node List:
    * Online: [ node1 node2 node3 node4 node5 ]

  * Full List of Resources:
    * Fencing	(stonith:fence_xvm):	 Started node1
    * Clone Set: rsc2-clone [rsc2] (promotable):
      * Stopped: [ node1 node2 node3 node4 node5 ]
    * rsc1	(ocf:pacemaker:Dummy):	 Stopped
    * Resource Group: group1:
      * group1rsc1	(ocf:pacemaker:Dummy):	 Stopped
      * group1rsc2	(ocf:pacemaker:Dummy):	 Stopped
