Current cluster status:
  * Cluster Summary:

  * Node List:
    * Online: [ cxa1 cxb1 ]

  * Full List of Resources:
    * cyrus_address	(ocf:heartbeat:IPaddr2):	 Started cxa1
    * cyrus_master	(ocf:heartbeat:cyrus-imap):	 Stopped
    * cyrus_syslogd	(ocf:heartbeat:syslogd):	 Stopped
    * cyrus_filesys	(ocf:heartbeat:Filesystem):	 Stopped
    * cyrus_volgroup	(ocf:heartbeat:VolGroup):	 Stopped
    * Clone Set: cyrus_drbd [cyrus_drbd_node] (promotable):
      * Promoted: [ cxa1 ]
      * Unpromoted: [ cxb1 ]
    * named_address	(ocf:heartbeat:IPaddr2):	 Started cxa1
    * named_filesys	(ocf:heartbeat:Filesystem):	 Stopped
    * named_volgroup	(ocf:heartbeat:VolGroup):	 Stopped
    * named_daemon	(ocf:heartbeat:recursor):	 Stopped
    * named_syslogd	(ocf:heartbeat:syslogd):	 Stopped
    * Clone Set: named_drbd [named_drbd_node] (promotable):
      * Unpromoted: [ cxa1 cxb1 ]
    * Clone Set: pingd_clone [pingd_node]:
      * Started: [ cxa1 cxb1 ]
    * Clone Set: fence_clone [fence_node]:
      * Started: [ cxa1 cxb1 ]

Transition Summary:
  * Move       named_address         (                cxa1 -> cxb1 )
  * Promote    named_drbd_node:1     ( Unpromoted -> Promoted cxb1 )

Executing Cluster Transition:

Revised Cluster Status:
  * Cluster Summary:

  * Node List:
    * Online: [ cxa1 cxb1 ]

  * Full List of Resources:
    * cyrus_address	(ocf:heartbeat:IPaddr2):	 Started cxa1
    * cyrus_master	(ocf:heartbeat:cyrus-imap):	 Stopped
    * cyrus_syslogd	(ocf:heartbeat:syslogd):	 Stopped
    * cyrus_filesys	(ocf:heartbeat:Filesystem):	 Stopped
    * cyrus_volgroup	(ocf:heartbeat:VolGroup):	 Stopped
    * Clone Set: cyrus_drbd [cyrus_drbd_node] (promotable):
      * Promoted: [ cxa1 ]
      * Unpromoted: [ cxb1 ]
    * named_address	(ocf:heartbeat:IPaddr2):	 Started cxa1
    * named_filesys	(ocf:heartbeat:Filesystem):	 Stopped
    * named_volgroup	(ocf:heartbeat:VolGroup):	 Stopped
    * named_daemon	(ocf:heartbeat:recursor):	 Stopped
    * named_syslogd	(ocf:heartbeat:syslogd):	 Stopped
    * Clone Set: named_drbd [named_drbd_node] (promotable):
      * Unpromoted: [ cxa1 cxb1 ]
    * Clone Set: pingd_clone [pingd_node]:
      * Started: [ cxa1 cxb1 ]
    * Clone Set: fence_clone [fence_node]:
      * Started: [ cxa1 cxb1 ]
