2 of 4 resource instances DISABLED and 0 BLOCKED from further action due to failure

Current cluster status:
  * Cluster Summary:
    * CIB syntax has errors (for details, run crm_verify -LV)

  * Node List:
    * Online: [ node1 node2 ]

  * Full List of Resources:
    * Clone Set: ms1 [rsc1] (promotable, disabled):
      * Promoted: [ node1 ]
      * Unpromoted: [ node2 ]
    * Clone Set: ms2 [rsc2] (promotable):
      * Promoted: [ node2 ]
      * Unpromoted: [ node1 ]

Transition Summary:
  * Stop       rsc1:0     (   Promoted node1 )  due to node availability
  * Stop       rsc1:1     ( Unpromoted node2 )  due to node availability

Executing Cluster Transition:

Revised Cluster Status:
  * Cluster Summary:
    * CIB syntax has errors (for details, run crm_verify -LV)

  * Node List:
    * Online: [ node1 node2 ]

  * Full List of Resources:
    * Clone Set: ms1 [rsc1] (promotable, disabled):
      * Promoted: [ node1 ]
      * Unpromoted: [ node2 ]
    * Clone Set: ms2 [rsc2] (promotable):
      * Promoted: [ node2 ]
      * Unpromoted: [ node1 ]
