Current cluster status:
  * Node List:
    * Online: [ rhel7-auto1 rhel7-auto2 rhel7-auto3 ]

  * Full List of Resources:
    * shooter	(stonith:fence_xvm):	 Started rhel7-auto1
    * Clone Set: fake-master [fake] (promotable):
      * Unpromoted: [ rhel7-auto1 rhel7-auto2 rhel7-auto3 ]
error: Operation fake-monitor-interval-10-role-Unpromoted is duplicate of fake-monitor-interval-10-role-Promoted (do not use same name and interval combination more than once per resource)
error: Operation fake-monitor-interval-10-role-Unpromoted is duplicate of fake-monitor-interval-10-role-Promoted (do not use same name and interval combination more than once per resource)
error: Operation fake-monitor-interval-10-role-Unpromoted is duplicate of fake-monitor-interval-10-role-Promoted (do not use same name and interval combination more than once per resource)
error: Operation fake-monitor-interval-10-role-Unpromoted is duplicate of fake-monitor-interval-10-role-Promoted (do not use same name and interval combination more than once per resource)
error: Operation fake-monitor-interval-10-role-Unpromoted is duplicate of fake-monitor-interval-10-role-Promoted (do not use same name and interval combination more than once per resource)
error: Operation fake-monitor-interval-10-role-Unpromoted is duplicate of fake-monitor-interval-10-role-Promoted (do not use same name and interval combination more than once per resource)
error: Operation fake-monitor-interval-10-role-Unpromoted is duplicate of fake-monitor-interval-10-role-Promoted (do not use same name and interval combination more than once per resource)
error: Operation fake-monitor-interval-10-role-Unpromoted is duplicate of fake-monitor-interval-10-role-Promoted (do not use same name and interval combination more than once per resource)
error: Operation fake-monitor-interval-10-role-Unpromoted is duplicate of fake-monitor-interval-10-role-Promoted (do not use same name and interval combination more than once per resource)
error: Operation fake-monitor-interval-10-role-Unpromoted is duplicate of fake-monitor-interval-10-role-Promoted (do not use same name and interval combination more than once per resource)
error: Operation fake-monitor-interval-10-role-Unpromoted is duplicate of fake-monitor-interval-10-role-Promoted (do not use same name and interval combination more than once per resource)
error: Operation fake-monitor-interval-10-role-Unpromoted is duplicate of fake-monitor-interval-10-role-Promoted (do not use same name and interval combination more than once per resource)

Transition Summary:
  * Promote    fake:0     ( Unpromoted -> Promoted rhel7-auto1 )

Executing Cluster Transition:
  * Pseudo action:   fake-master_pre_notify_promote_0
  * Resource action: fake            notify on rhel7-auto1
  * Resource action: fake            notify on rhel7-auto3
  * Resource action: fake            notify on rhel7-auto2
  * Pseudo action:   fake-master_confirmed-pre_notify_promote_0
  * Pseudo action:   fake-master_promote_0
  * Resource action: fake            promote on rhel7-auto1
  * Pseudo action:   fake-master_promoted_0
  * Pseudo action:   fake-master_post_notify_promoted_0
  * Resource action: fake            notify on rhel7-auto1
  * Resource action: fake            notify on rhel7-auto3
  * Resource action: fake            notify on rhel7-auto2
  * Pseudo action:   fake-master_confirmed-post_notify_promoted_0

Revised Cluster Status:
  * Node List:
    * Online: [ rhel7-auto1 rhel7-auto2 rhel7-auto3 ]

  * Full List of Resources:
    * shooter	(stonith:fence_xvm):	 Started rhel7-auto1
    * Clone Set: fake-master [fake] (promotable):
      * Promoted: [ rhel7-auto1 ]
      * Unpromoted: [ rhel7-auto2 rhel7-auto3 ]
