Current cluster status:
  * Cluster Summary:

  * Node List:
    * Node raki.linbit: standby
    * Online: [ sambuca.linbit ]

  * Full List of Resources:
    * ip_float_right	(ocf:heartbeat:IPaddr2):	 Stopped
    * Clone Set: ms_drbd_float [drbd_float] (promotable):
      * Unpromoted: [ sambuca.linbit ]
    * Resource Group: nfsexport:
      * ip_nfs	(ocf:heartbeat:IPaddr2):	 Stopped
      * fs_float	(ocf:heartbeat:Filesystem):	 Stopped

Transition Summary:
  * Start      ip_float_right     (                        sambuca.linbit )
  * Restart    drbd_float:0       ( Unpromoted -> Promoted sambuca.linbit )  due to required ip_float_right start
  * Start      ip_nfs             (                        sambuca.linbit )

Executing Cluster Transition:

Revised Cluster Status:
  * Cluster Summary:

  * Node List:
    * Node raki.linbit: standby
    * Online: [ sambuca.linbit ]

  * Full List of Resources:
    * ip_float_right	(ocf:heartbeat:IPaddr2):	 Stopped
    * Clone Set: ms_drbd_float [drbd_float] (promotable):
      * Unpromoted: [ sambuca.linbit ]
    * Resource Group: nfsexport:
      * ip_nfs	(ocf:heartbeat:IPaddr2):	 Stopped
      * fs_float	(ocf:heartbeat:Filesystem):	 Stopped
