Current cluster status:
  * Cluster Summary:

  * Node List:
    * Online: [ dktest1 dktest2 ]

  * Full List of Resources:
    * Clone Set: ms-drbd1 [drbd1] (promotable, unmanaged):
      * drbd1	(ocf:heartbeat:drbd):	 Promoted dktest1 (unmanaged)
      * drbd1	(ocf:heartbeat:drbd):	 Unpromoted dktest2 (unmanaged)
    * Resource Group: apache (unmanaged):
      * apache-vip	(ocf:heartbeat:IPaddr2):	 Started dktest1 (unmanaged)
      * mount	(ocf:heartbeat:Filesystem):	 Started dktest1 (unmanaged)
      * webserver	(ocf:heartbeat:apache):	 Started dktest1 (unmanaged)

Transition Summary:

Executing Cluster Transition:

Revised Cluster Status:
  * Cluster Summary:

  * Node List:
    * Online: [ dktest1 dktest2 ]

  * Full List of Resources:
    * Clone Set: ms-drbd1 [drbd1] (promotable, unmanaged):
      * drbd1	(ocf:heartbeat:drbd):	 Promoted dktest1 (unmanaged)
      * drbd1	(ocf:heartbeat:drbd):	 Unpromoted dktest2 (unmanaged)
    * Resource Group: apache (unmanaged):
      * apache-vip	(ocf:heartbeat:IPaddr2):	 Started dktest1 (unmanaged)
      * mount	(ocf:heartbeat:Filesystem):	 Started dktest1 (unmanaged)
      * webserver	(ocf:heartbeat:apache):	 Started dktest1 (unmanaged)
