Current cluster status:
  * Cluster Summary:
    * CIB syntax has errors (for details, run crm_verify -LV)

  * Node List:
    * Online: [ sd01-0 sd01-1 ]

  * Full List of Resources:
    * Resource Group: cdev-pool-0-iscsi-vips:
      * vip-164	(ocf:heartbeat:IPaddr2):	 Started sd01-1
      * vip-165	(ocf:heartbeat:IPaddr2):	 Started sd01-1
    * Resource Group: cdev-pool-0-iscsi-export:
      * cdev-pool-0-iscsi-target	(ocf:vds-ok:iSCSITarget):	 Started sd01-1
      * cdev-pool-0-iscsi-lun-1	(ocf:vds-ok:iSCSILogicalUnit):	 Started sd01-1
    * Clone Set: ms-cdev-pool-0-iscsi-vips-fw [cdev-pool-0-iscsi-vips-fw] (promotable):
      * Promoted: [ sd01-1 ]
      * Unpromoted: [ sd01-0 ]
    * stonith-xvm-sd01-1	(stonith:fence_xvm):	 Started sd01-0
    * stonith-xvm-sd01-0	(stonith:fence_xvm):	 Started sd01-1
    * Clone Set: ms-cdev-pool-0-drbd [cdev-pool-0-drbd] (promotable):
      * Promoted: [ sd01-1 ]
      * Unpromoted: [ sd01-0 ]
    * Clone Set: cl-ietd [ietd]:
      * Started: [ sd01-0 sd01-1 ]
    * Clone Set: cl-vlan1-net [vlan1-net]:
      * Started: [ sd01-0 sd01-1 ]

Transition Summary:
  * Demote     cdev-pool-0-drbd:0           ( Promoted -> Unpromoted sd01-1 )
  * Promote    cdev-pool-0-drbd:1           ( Unpromoted -> Promoted sd01-0 )
  * Move       vip-164                      (              sd01-1 -> sd01-0 )
  * Move       vip-165                      (              sd01-1 -> sd01-0 )
  * Move       cdev-pool-0-iscsi-target     (              sd01-1 -> sd01-0 )
  * Move       cdev-pool-0-iscsi-lun-1      (              sd01-1 -> sd01-0 )
  * Demote     vip-164-fw:0                 ( Promoted -> Unpromoted sd01-1 )
  * Promote    vip-164-fw:1                 ( Unpromoted -> Promoted sd01-0 )
  * Promote    vip-165-fw:1                 ( Unpromoted -> Promoted sd01-0 )

Executing Cluster Transition:

Revised Cluster Status:
  * Cluster Summary:
    * CIB syntax has errors (for details, run crm_verify -LV)

  * Node List:
    * Online: [ sd01-0 sd01-1 ]

  * Full List of Resources:
    * Resource Group: cdev-pool-0-iscsi-vips:
      * vip-164	(ocf:heartbeat:IPaddr2):	 Started sd01-1
      * vip-165	(ocf:heartbeat:IPaddr2):	 Started sd01-1
    * Resource Group: cdev-pool-0-iscsi-export:
      * cdev-pool-0-iscsi-target	(ocf:vds-ok:iSCSITarget):	 Started sd01-1
      * cdev-pool-0-iscsi-lun-1	(ocf:vds-ok:iSCSILogicalUnit):	 Started sd01-1
    * Clone Set: ms-cdev-pool-0-iscsi-vips-fw [cdev-pool-0-iscsi-vips-fw] (promotable):
      * Promoted: [ sd01-1 ]
      * Unpromoted: [ sd01-0 ]
    * stonith-xvm-sd01-1	(stonith:fence_xvm):	 Started sd01-0
    * stonith-xvm-sd01-0	(stonith:fence_xvm):	 Started sd01-1
    * Clone Set: ms-cdev-pool-0-drbd [cdev-pool-0-drbd] (promotable):
      * Promoted: [ sd01-1 ]
      * Unpromoted: [ sd01-0 ]
    * Clone Set: cl-ietd [ietd]:
      * Started: [ sd01-0 sd01-1 ]
    * Clone Set: cl-vlan1-net [vlan1-net]:
      * Started: [ sd01-0 sd01-1 ]
