Current cluster status:
  * Cluster Summary:
    * CIB syntax has errors (for details, run crm_verify -LV)

  * Node List:
    * Online: [ dl380g5a dl380g5b ]

  * Full List of Resources:
    * Clone Set: ms-sf [group] (promotable, unique):
      * Resource Group: group:0:
        * stateful-1:0	(ocf:heartbeat:Stateful):	 FAILED dl380g5b
        * stateful-2:0	(ocf:heartbeat:Stateful):	 Stopped
      * Resource Group: group:1:
        * stateful-1:1	(ocf:heartbeat:Stateful):	 Unpromoted dl380g5a
        * stateful-2:1	(ocf:heartbeat:Stateful):	 Unpromoted dl380g5a

Transition Summary:
  * Stop       stateful-1:0     (             Unpromoted dl380g5b )  due to node availability
  * Promote    stateful-1:1     ( Unpromoted -> Promoted dl380g5a )
  * Promote    stateful-2:1     ( Unpromoted -> Promoted dl380g5a )
Transition failed: terminated
An invalid transition was produced

Executing Cluster Transition:

Revised Cluster Status:
  * Cluster Summary:
    * CIB syntax has errors (for details, run crm_verify -LV)

  * Node List:
    * Online: [ dl380g5a dl380g5b ]

  * Full List of Resources:
    * Clone Set: ms-sf [group] (promotable, unique):
      * Resource Group: group:0:
        * stateful-1:0	(ocf:heartbeat:Stateful):	 FAILED dl380g5b
        * stateful-2:0	(ocf:heartbeat:Stateful):	 Stopped
      * Resource Group: group:1:
        * stateful-1:1	(ocf:heartbeat:Stateful):	 Unpromoted dl380g5a
        * stateful-2:1	(ocf:heartbeat:Stateful):	 Unpromoted dl380g5a
