1 of 60 resource instances DISABLED and 0 BLOCKED from further action due to failure

Current cluster status:
  * Cluster Summary:

  * Node List:
    * Online: [ hypatia-corosync.nevis.columbia.edu orestes-corosync.nevis.columbia.edu ]

  * Full List of Resources:
    * Clone Set: AdminClone [AdminDrbd] (promotable):
      * Stopped: [ hypatia-corosync.nevis.columbia.edu orestes-corosync.nevis.columbia.edu ]
    * CronAmbientTemperature	(ocf:heartbeat:symlink):	 Stopped
    * StonithHypatia	(stonith:fence_nut):	 Stopped
    * StonithOrestes	(stonith:fence_nut):	 Stopped
    * Resource Group: DhcpGroup:
      * SymlinkDhcpdConf	(ocf:heartbeat:symlink):	 Stopped
      * SymlinkSysconfigDhcpd	(ocf:heartbeat:symlink):	 Stopped
      * SymlinkDhcpdLeases	(ocf:heartbeat:symlink):	 Stopped
      * Dhcpd	(lsb:dhcpd):	 Stopped (disabled)
      * DhcpIP	(ocf:heartbeat:IPaddr2):	 Stopped
    * Clone Set: CupsClone [CupsGroup]:
      * Stopped: [ hypatia-corosync.nevis.columbia.edu orestes-corosync.nevis.columbia.edu ]
    * Clone Set: IPClone [IPGroup] (unique):
      * Resource Group: IPGroup:0:
        * ClusterIP:0	(ocf:heartbeat:IPaddr2):	 Stopped
        * ClusterIPLocal:0	(ocf:heartbeat:IPaddr2):	 Stopped
        * ClusterIPSandbox:0	(ocf:heartbeat:IPaddr2):	 Stopped
      * Resource Group: IPGroup:1:
        * ClusterIP:1	(ocf:heartbeat:IPaddr2):	 Stopped
        * ClusterIPLocal:1	(ocf:heartbeat:IPaddr2):	 Stopped
        * ClusterIPSandbox:1	(ocf:heartbeat:IPaddr2):	 Stopped
    * Clone Set: LibvirtdClone [LibvirtdGroup]:
      * Stopped: [ hypatia-corosync.nevis.columbia.edu orestes-corosync.nevis.columbia.edu ]
    * Clone Set: TftpClone [TftpGroup]:
      * Stopped: [ hypatia-corosync.nevis.columbia.edu orestes-corosync.nevis.columbia.edu ]
    * Clone Set: ExportsClone [ExportsGroup]:
      * Stopped: [ hypatia-corosync.nevis.columbia.edu orestes-corosync.nevis.columbia.edu ]
    * Clone Set: FilesystemClone [FilesystemGroup]:
      * Stopped: [ hypatia-corosync.nevis.columbia.edu orestes-corosync.nevis.columbia.edu ]
    * KVM-guest	(ocf:heartbeat:VirtualDomain):	 Stopped
    * Proxy	(ocf:heartbeat:VirtualDomain):	 Stopped

Transition Summary:
  * Promote    AdminDrbd:0                ( Stopped -> Promoted orestes-corosync.nevis.columbia.edu )
  * Promote    AdminDrbd:1                ( Stopped -> Promoted hypatia-corosync.nevis.columbia.edu )
  * Start      CronAmbientTemperature     (                     hypatia-corosync.nevis.columbia.edu )
  * Start      StonithHypatia             (                     orestes-corosync.nevis.columbia.edu )
  * Start      StonithOrestes             (                     hypatia-corosync.nevis.columbia.edu )
  * Start      SymlinkDhcpdConf           (                     orestes-corosync.nevis.columbia.edu )
  * Start      SymlinkSysconfigDhcpd      (                     orestes-corosync.nevis.columbia.edu )
  * Start      SymlinkDhcpdLeases         (                     orestes-corosync.nevis.columbia.edu )
  * Start      SymlinkUsrShareCups:0      (                     hypatia-corosync.nevis.columbia.edu )
  * Start      SymlinkCupsdConf:0         (                     hypatia-corosync.nevis.columbia.edu )
  * Start      Cups:0                     (                     hypatia-corosync.nevis.columbia.edu )
  * Start      SymlinkUsrShareCups:1      (                     orestes-corosync.nevis.columbia.edu )
  * Start      SymlinkCupsdConf:1         (                     orestes-corosync.nevis.columbia.edu )
  * Start      Cups:1                     (                     orestes-corosync.nevis.columbia.edu )
  * Start      ClusterIP:0                (                     hypatia-corosync.nevis.columbia.edu )
  * Start      ClusterIPLocal:0           (                     hypatia-corosync.nevis.columbia.edu )
  * Start      ClusterIPSandbox:0         (                     hypatia-corosync.nevis.columbia.edu )
  * Start      ClusterIP:1                (                     orestes-corosync.nevis.columbia.edu )
  * Start      ClusterIPLocal:1           (                     orestes-corosync.nevis.columbia.edu )
  * Start      ClusterIPSandbox:1         (                     orestes-corosync.nevis.columbia.edu )
  * Start      SymlinkEtcLibvirt:0        (                     hypatia-corosync.nevis.columbia.edu )
  * Start      Libvirtd:0                 (                     hypatia-corosync.nevis.columbia.edu )
  * Start      SymlinkEtcLibvirt:1        (                     orestes-corosync.nevis.columbia.edu )
  * Start      Libvirtd:1                 (                     orestes-corosync.nevis.columbia.edu )
  * Start      SymlinkTftp:0              (                     hypatia-corosync.nevis.columbia.edu )
  * Start      Xinetd:0                   (                     hypatia-corosync.nevis.columbia.edu )
  * Start      SymlinkTftp:1              (                     orestes-corosync.nevis.columbia.edu )
  * Start      Xinetd:1                   (                     orestes-corosync.nevis.columbia.edu )
  * Start      ExportMail:0               (                     hypatia-corosync.nevis.columbia.edu )
  * Start      ExportMailInbox:0          (                     hypatia-corosync.nevis.columbia.edu )
  * Start      ExportMailFolders:0        (                     hypatia-corosync.nevis.columbia.edu )
  * Start      ExportMailForward:0        (                     hypatia-corosync.nevis.columbia.edu )
  * Start      ExportMailProcmailrc:0     (                     hypatia-corosync.nevis.columbia.edu )
  * Start      ExportUsrNevis:0           (                     hypatia-corosync.nevis.columbia.edu )
  * Start      ExportUsrNevisOffsite:0    (                     hypatia-corosync.nevis.columbia.edu )
  * Start      ExportWWW:0                (                     hypatia-corosync.nevis.columbia.edu )
  * Start      ExportMail:1               (                     orestes-corosync.nevis.columbia.edu )
  * Start      ExportMailInbox:1          (                     orestes-corosync.nevis.columbia.edu )
  * Start      ExportMailFolders:1        (                     orestes-corosync.nevis.columbia.edu )
  * Start      ExportMailForward:1        (                     orestes-corosync.nevis.columbia.edu )
  * Start      ExportMailProcmailrc:1     (                     orestes-corosync.nevis.columbia.edu )
  * Start      ExportUsrNevis:1           (                     orestes-corosync.nevis.columbia.edu )
  * Start      ExportUsrNevisOffsite:1    (                     orestes-corosync.nevis.columbia.edu )
  * Start      ExportWWW:1                (                     orestes-corosync.nevis.columbia.edu )
  * Start      AdminLvm:0                 (                     orestes-corosync.nevis.columbia.edu )
  * Start      FSUsrNevis:0               (                     orestes-corosync.nevis.columbia.edu )
  * Start      FSVarNevis:0               (                     orestes-corosync.nevis.columbia.edu )
  * Start      FSVirtualMachines:0        (                     orestes-corosync.nevis.columbia.edu )
  * Start      FSMail:0                   (                     orestes-corosync.nevis.columbia.edu )
  * Start      FSWork:0                   (                     orestes-corosync.nevis.columbia.edu )
  * Start      AdminLvm:1                 (                     hypatia-corosync.nevis.columbia.edu )
  * Start      FSUsrNevis:1               (                     hypatia-corosync.nevis.columbia.edu )
  * Start      FSVarNevis:1               (                     hypatia-corosync.nevis.columbia.edu )
  * Start      FSVirtualMachines:1        (                     hypatia-corosync.nevis.columbia.edu )
  * Start      FSMail:1                   (                     hypatia-corosync.nevis.columbia.edu )
  * Start      FSWork:1                   (                     hypatia-corosync.nevis.columbia.edu )
  * Start      KVM-guest                  (                     hypatia-corosync.nevis.columbia.edu )
  * Start      Proxy                      (                     orestes-corosync.nevis.columbia.edu )

Executing Cluster Transition:

Revised Cluster Status:
  * Cluster Summary:

  * Node List:
    * Online: [ hypatia-corosync.nevis.columbia.edu orestes-corosync.nevis.columbia.edu ]

  * Full List of Resources:
    * Clone Set: AdminClone [AdminDrbd] (promotable):
      * Stopped: [ hypatia-corosync.nevis.columbia.edu orestes-corosync.nevis.columbia.edu ]
    * CronAmbientTemperature	(ocf:heartbeat:symlink):	 Stopped
    * StonithHypatia	(stonith:fence_nut):	 Stopped
    * StonithOrestes	(stonith:fence_nut):	 Stopped
    * Resource Group: DhcpGroup:
      * SymlinkDhcpdConf	(ocf:heartbeat:symlink):	 Stopped
      * SymlinkSysconfigDhcpd	(ocf:heartbeat:symlink):	 Stopped
      * SymlinkDhcpdLeases	(ocf:heartbeat:symlink):	 Stopped
      * Dhcpd	(lsb:dhcpd):	 Stopped (disabled)
      * DhcpIP	(ocf:heartbeat:IPaddr2):	 Stopped
    * Clone Set: CupsClone [CupsGroup]:
      * Stopped: [ hypatia-corosync.nevis.columbia.edu orestes-corosync.nevis.columbia.edu ]
    * Clone Set: IPClone [IPGroup] (unique):
      * Resource Group: IPGroup:0:
        * ClusterIP:0	(ocf:heartbeat:IPaddr2):	 Stopped
        * ClusterIPLocal:0	(ocf:heartbeat:IPaddr2):	 Stopped
        * ClusterIPSandbox:0	(ocf:heartbeat:IPaddr2):	 Stopped
      * Resource Group: IPGroup:1:
        * ClusterIP:1	(ocf:heartbeat:IPaddr2):	 Stopped
        * ClusterIPLocal:1	(ocf:heartbeat:IPaddr2):	 Stopped
        * ClusterIPSandbox:1	(ocf:heartbeat:IPaddr2):	 Stopped
    * Clone Set: LibvirtdClone [LibvirtdGroup]:
      * Stopped: [ hypatia-corosync.nevis.columbia.edu orestes-corosync.nevis.columbia.edu ]
    * Clone Set: TftpClone [TftpGroup]:
      * Stopped: [ hypatia-corosync.nevis.columbia.edu orestes-corosync.nevis.columbia.edu ]
    * Clone Set: ExportsClone [ExportsGroup]:
      * Stopped: [ hypatia-corosync.nevis.columbia.edu orestes-corosync.nevis.columbia.edu ]
    * Clone Set: FilesystemClone [FilesystemGroup]:
      * Stopped: [ hypatia-corosync.nevis.columbia.edu orestes-corosync.nevis.columbia.edu ]
    * KVM-guest	(ocf:heartbeat:VirtualDomain):	 Stopped
    * Proxy	(ocf:heartbeat:VirtualDomain):	 Stopped
