Current cluster status:
  * Cluster Summary:
    * CIB syntax has errors (for details, run crm_verify -LV)

  * Node List:
    * Online: [ rh44-1 rh44-2 ]

  * Full List of Resources:
    * Resource Group: test:
      * resource_1	(ocf:heartbeat:IPaddr):	 Started rh44-1
    * Clone Set: ms-sf [grp_ms_sf] (promotable, unique):
      * Resource Group: grp_ms_sf:0:
        * promotable_Stateful:0	(ocf:heartbeat:Stateful):	 Unpromoted rh44-2
      * Resource Group: grp_ms_sf:1:
        * promotable_Stateful:1	(ocf:heartbeat:Stateful):	 Unpromoted rh44-1

Transition Summary:
  * Promote    promotable_Stateful:1     ( Unpromoted -> Promoted rh44-1 )

Executing Cluster Transition:

Revised Cluster Status:
  * Cluster Summary:
    * CIB syntax has errors (for details, run crm_verify -LV)

  * Node List:
    * Online: [ rh44-1 rh44-2 ]

  * Full List of Resources:
    * Resource Group: test:
      * resource_1	(ocf:heartbeat:IPaddr):	 Started rh44-1
    * Clone Set: ms-sf [grp_ms_sf] (promotable, unique):
      * Resource Group: grp_ms_sf:0:
        * promotable_Stateful:0	(ocf:heartbeat:Stateful):	 Unpromoted rh44-2
      * Resource Group: grp_ms_sf:1:
        * promotable_Stateful:1	(ocf:heartbeat:Stateful):	 Unpromoted rh44-1
