Using the original execution date of: 2016-12-12 20:28:26Z
Current cluster status:
  * Cluster Summary:

  * Node List:
    * Online: [ node1 node2 ]

  * Full List of Resources:
    * Fencing	(stonith:fence_xvm):	 Stopped
    * Clone Set: cl-rsc1 [rsc1]:
      * Stopped: [ node1 node2 ]
    * Clone Set: cl-rsc2 [rsc2]:
      * Started: [ node1 ]
      * Stopped: [ node2 ]

Transition Summary:
  * Start      Fencing     ( node1 )
  * Start      rsc1:0      ( node2 )
  * Start      rsc1:1      ( node1 )
  * Restart    rsc2:0      ( node1 )  due to required rsc1:1 start
  * Start      rsc2:1      ( node2 )

Executing Cluster Transition:
Using the original execution date of: 2016-12-12 20:28:26Z

Revised Cluster Status:
  * Cluster Summary:

  * Node List:
    * Online: [ node1 node2 ]

  * Full List of Resources:
    * Fencing	(stonith:fence_xvm):	 Stopped
    * Clone Set: cl-rsc1 [rsc1]:
      * Stopped: [ node1 node2 ]
    * Clone Set: cl-rsc2 [rsc2]:
      * Started: [ node1 ]
      * Stopped: [ node2 ]
