1 of 6 resource instances DISABLED and 0 BLOCKED from further action due to failure

Current cluster status:
  * Cluster Summary:

  * Node List:
    * Online: [ 18builder 18node1 18node2 ]
    * RemoteOnline: [ remote1 ]

  * Full List of Resources:
    * shooter	(stonith:fence_xvm):	 Started 18node1
    * remote1	(ocf:pacemaker:remote):	 Started 18builder (disabled)
    * FAKE1	(ocf:heartbeat:Dummy):	 Started 18node2
    * FAKE2	(ocf:heartbeat:Dummy):	 Stopped
    * FAKE3	(ocf:heartbeat:Dummy):	 Started 18builder
    * FAKE4	(ocf:heartbeat:Dummy):	 Started 18node1

Transition Summary:
  * Stop       remote1     ( 18builder )  due to node availability

Executing Cluster Transition:

Revised Cluster Status:
  * Cluster Summary:

  * Node List:
    * Online: [ 18builder 18node1 18node2 ]
    * RemoteOnline: [ remote1 ]

  * Full List of Resources:
    * shooter	(stonith:fence_xvm):	 Started 18node1
    * remote1	(ocf:pacemaker:remote):	 Started 18builder (disabled)
    * FAKE1	(ocf:heartbeat:Dummy):	 Started 18node2
    * FAKE2	(ocf:heartbeat:Dummy):	 Stopped
    * FAKE3	(ocf:heartbeat:Dummy):	 Started 18builder
    * FAKE4	(ocf:heartbeat:Dummy):	 Started 18node1
