Current cluster status:
  * Cluster Summary:

  * Node List:
    * Node pcmk4: UNCLEAN (offline)
    * Online: [ pcmk1 pcmk2 pcmk3 ]
    * RemoteOnline: [ pcmk_remote1 pcmk_remote2 pcmk_remote3 pcmk_remote4 pcmk_remote5 ]

  * Full List of Resources:
    * shooter	(stonith:fence_docker_cts):	 Started pcmk3
    * pcmk_remote1	(ocf:pacemaker:remote):	 Started pcmk1
    * pcmk_remote2	(ocf:pacemaker:remote):	 Started [ pcmk1 pcmk3 ]
    * pcmk_remote3	(ocf:pacemaker:remote):	 Started pcmk3
    * pcmk_remote4	(ocf:pacemaker:remote):	 Stopped
    * pcmk_remote5	(ocf:pacemaker:remote):	 Started pcmk1
    * FAKE1	(ocf:heartbeat:Dummy):	 Started pcmk_remote2
    * FAKE2	(ocf:heartbeat:Dummy):	 Started pcmk_remote3
    * FAKE3	(ocf:heartbeat:Dummy):	 Started pcmk_remote1
    * FAKE4	(ocf:heartbeat:Dummy):	 Started pcmk_remote5
    * FAKE5	(ocf:heartbeat:Dummy):	 Started pcmk1
    * FAKE6	(ocf:heartbeat:Dummy):	 Started pcmk_remote1
    * FAKE7	(ocf:heartbeat:Dummy):	 Started pcmk_remote2
    * FAKE8	(ocf:heartbeat:Dummy):	 Started pcmk_remote3
    * FAKE9	(ocf:heartbeat:Dummy):	 Started pcmk2
    * FAKE10	(ocf:heartbeat:Dummy):	 Started pcmk_remote5
    * FAKE11	(ocf:heartbeat:Dummy):	 Started pcmk1
    * FAKE12	(ocf:heartbeat:Dummy):	 Started pcmk1
    * FAKE13	(ocf:heartbeat:Dummy):	 Started pcmk3
    * FAKE14	(ocf:heartbeat:Dummy):	 Started pcmk2
    * FAKE15	(ocf:heartbeat:Dummy):	 Started pcmk_remote2
    * FAKE16	(ocf:heartbeat:Dummy):	 Started pcmk_remote3
    * FAKE17	(ocf:heartbeat:Dummy):	 Started pcmk_remote1
    * FAKE18	(ocf:heartbeat:Dummy):	 Started pcmk_remote5
    * FAKE19	(ocf:heartbeat:Dummy):	 Started pcmk3
    * FAKE20	(ocf:heartbeat:Dummy):	 Started pcmk2
    * FAKE21	(ocf:heartbeat:Dummy):	 Started pcmk1
    * FAKE22	(ocf:heartbeat:Dummy):	 Started pcmk_remote1
    * FAKE23	(ocf:heartbeat:Dummy):	 Started pcmk_remote2
    * FAKE24	(ocf:heartbeat:Dummy):	 Started pcmk_remote3
    * FAKE25	(ocf:heartbeat:Dummy):	 Started pcmk_remote1
    * FAKE26	(ocf:heartbeat:Dummy):	 Started pcmk_remote5
    * FAKE27	(ocf:heartbeat:Dummy):	 Started pcmk3
    * FAKE28	(ocf:heartbeat:Dummy):	 Started pcmk3
    * FAKE29	(ocf:heartbeat:Dummy):	 Started pcmk2
    * FAKE30	(ocf:heartbeat:Dummy):	 Started pcmk1
    * FAKE31	(ocf:heartbeat:Dummy):	 Started pcmk_remote2
    * FAKE32	(ocf:heartbeat:Dummy):	 Started pcmk_remote3
    * FAKE33	(ocf:heartbeat:Dummy):	 Started pcmk_remote1
    * FAKE34	(ocf:heartbeat:Dummy):	 Started pcmk_remote5
    * FAKE35	(ocf:heartbeat:Dummy):	 Started pcmk1
    * FAKE36	(ocf:heartbeat:Dummy):	 Started pcmk3
    * FAKE37	(ocf:heartbeat:Dummy):	 Started pcmk2
    * FAKE38	(ocf:heartbeat:Dummy):	 Started pcmk2
    * FAKE39	(ocf:heartbeat:Dummy):	 Started pcmk1
    * FAKE40	(ocf:heartbeat:Dummy):	 Started pcmk_remote3
    * FAKE41	(ocf:heartbeat:Dummy):	 Started pcmk_remote2
    * FAKE42	(ocf:heartbeat:Dummy):	 Started pcmk_remote5
    * FAKE43	(ocf:heartbeat:Dummy):	 Started pcmk_remote1
    * FAKE44	(ocf:heartbeat:Dummy):	 Started pcmk2
    * FAKE45	(ocf:heartbeat:Dummy):	 Started pcmk3
    * FAKE46	(ocf:heartbeat:Dummy):	 Started pcmk1
    * FAKE47	(ocf:heartbeat:Dummy):	 Started pcmk_remote1
    * FAKE48	(ocf:heartbeat:Dummy):	 Started pcmk1
    * FAKE49	(ocf:heartbeat:Dummy):	 Started pcmk_remote3
    * FAKE50	(ocf:heartbeat:Dummy):	 Started pcmk_remote5

Transition Summary:
  * Fence (reboot) pcmk4 'peer is no longer part of the cluster'
  * Migrate    pcmk_remote2     (               pcmk3 -> pcmk1 )
  * Start      pcmk_remote4     (                        pcmk2 )
  * Migrate    pcmk_remote5     (               pcmk1 -> pcmk2 )
  * Move       FAKE5            (        pcmk1 -> pcmk_remote4 )
  * Move       FAKE9            (        pcmk2 -> pcmk_remote4 )
  * Move       FAKE12           (               pcmk1 -> pcmk2 )
  * Move       FAKE14           (        pcmk2 -> pcmk_remote1 )
  * Move       FAKE17           ( pcmk_remote1 -> pcmk_remote4 )
  * Move       FAKE25           ( pcmk_remote1 -> pcmk_remote4 )
  * Move       FAKE28           (               pcmk3 -> pcmk1 )
  * Move       FAKE30           (        pcmk1 -> pcmk_remote1 )
  * Move       FAKE33           ( pcmk_remote1 -> pcmk_remote4 )
  * Move       FAKE38           (        pcmk2 -> pcmk_remote1 )
  * Move       FAKE39           (        pcmk1 -> pcmk_remote2 )
  * Move       FAKE41           ( pcmk_remote2 -> pcmk_remote4 )
  * Move       FAKE47           ( pcmk_remote1 -> pcmk_remote2 )
  * Move       FAKE48           (        pcmk1 -> pcmk_remote3 )
  * Move       FAKE49           ( pcmk_remote3 -> pcmk_remote4 )

Executing Cluster Transition:

Revised Cluster Status:
  * Cluster Summary:

  * Node List:
    * Node pcmk4: UNCLEAN (offline)
    * Online: [ pcmk1 pcmk2 pcmk3 ]
    * RemoteOnline: [ pcmk_remote1 pcmk_remote2 pcmk_remote3 pcmk_remote4 pcmk_remote5 ]

  * Full List of Resources:
    * shooter	(stonith:fence_docker_cts):	 Started pcmk3
    * pcmk_remote1	(ocf:pacemaker:remote):	 Started pcmk1
    * pcmk_remote2	(ocf:pacemaker:remote):	 Started [ pcmk1 pcmk3 ]
    * pcmk_remote3	(ocf:pacemaker:remote):	 Started pcmk3
    * pcmk_remote4	(ocf:pacemaker:remote):	 Stopped
    * pcmk_remote5	(ocf:pacemaker:remote):	 Started pcmk1
    * FAKE1	(ocf:heartbeat:Dummy):	 Started pcmk_remote2
    * FAKE2	(ocf:heartbeat:Dummy):	 Started pcmk_remote3
    * FAKE3	(ocf:heartbeat:Dummy):	 Started pcmk_remote1
    * FAKE4	(ocf:heartbeat:Dummy):	 Started pcmk_remote5
    * FAKE5	(ocf:heartbeat:Dummy):	 Started pcmk1
    * FAKE6	(ocf:heartbeat:Dummy):	 Started pcmk_remote1
    * FAKE7	(ocf:heartbeat:Dummy):	 Started pcmk_remote2
    * FAKE8	(ocf:heartbeat:Dummy):	 Started pcmk_remote3
    * FAKE9	(ocf:heartbeat:Dummy):	 Started pcmk2
    * FAKE10	(ocf:heartbeat:Dummy):	 Started pcmk_remote5
    * FAKE11	(ocf:heartbeat:Dummy):	 Started pcmk1
    * FAKE12	(ocf:heartbeat:Dummy):	 Started pcmk1
    * FAKE13	(ocf:heartbeat:Dummy):	 Started pcmk3
    * FAKE14	(ocf:heartbeat:Dummy):	 Started pcmk2
    * FAKE15	(ocf:heartbeat:Dummy):	 Started pcmk_remote2
    * FAKE16	(ocf:heartbeat:Dummy):	 Started pcmk_remote3
    * FAKE17	(ocf:heartbeat:Dummy):	 Started pcmk_remote1
    * FAKE18	(ocf:heartbeat:Dummy):	 Started pcmk_remote5
    * FAKE19	(ocf:heartbeat:Dummy):	 Started pcmk3
    * FAKE20	(ocf:heartbeat:Dummy):	 Started pcmk2
    * FAKE21	(ocf:heartbeat:Dummy):	 Started pcmk1
    * FAKE22	(ocf:heartbeat:Dummy):	 Started pcmk_remote1
    * FAKE23	(ocf:heartbeat:Dummy):	 Started pcmk_remote2
    * FAKE24	(ocf:heartbeat:Dummy):	 Started pcmk_remote3
    * FAKE25	(ocf:heartbeat:Dummy):	 Started pcmk_remote1
    * FAKE26	(ocf:heartbeat:Dummy):	 Started pcmk_remote5
    * FAKE27	(ocf:heartbeat:Dummy):	 Started pcmk3
    * FAKE28	(ocf:heartbeat:Dummy):	 Started pcmk3
    * FAKE29	(ocf:heartbeat:Dummy):	 Started pcmk2
    * FAKE30	(ocf:heartbeat:Dummy):	 Started pcmk1
    * FAKE31	(ocf:heartbeat:Dummy):	 Started pcmk_remote2
    * FAKE32	(ocf:heartbeat:Dummy):	 Started pcmk_remote3
    * FAKE33	(ocf:heartbeat:Dummy):	 Started pcmk_remote1
    * FAKE34	(ocf:heartbeat:Dummy):	 Started pcmk_remote5
    * FAKE35	(ocf:heartbeat:Dummy):	 Started pcmk1
    * FAKE36	(ocf:heartbeat:Dummy):	 Started pcmk3
    * FAKE37	(ocf:heartbeat:Dummy):	 Started pcmk2
    * FAKE38	(ocf:heartbeat:Dummy):	 Started pcmk2
    * FAKE39	(ocf:heartbeat:Dummy):	 Started pcmk1
    * FAKE40	(ocf:heartbeat:Dummy):	 Started pcmk_remote3
    * FAKE41	(ocf:heartbeat:Dummy):	 Started pcmk_remote2
    * FAKE42	(ocf:heartbeat:Dummy):	 Started pcmk_remote5
    * FAKE43	(ocf:heartbeat:Dummy):	 Started pcmk_remote1
    * FAKE44	(ocf:heartbeat:Dummy):	 Started pcmk2
    * FAKE45	(ocf:heartbeat:Dummy):	 Started pcmk3
    * FAKE46	(ocf:heartbeat:Dummy):	 Started pcmk1
    * FAKE47	(ocf:heartbeat:Dummy):	 Started pcmk_remote1
    * FAKE48	(ocf:heartbeat:Dummy):	 Started pcmk1
    * FAKE49	(ocf:heartbeat:Dummy):	 Started pcmk_remote3
    * FAKE50	(ocf:heartbeat:Dummy):	 Started pcmk_remote5
