2 of 4 resource instances DISABLED and 0 BLOCKED from further action due to failure

Current cluster status:
  * Node List:
    * Online: [ node1 node2 ]

  * Full List of Resources:
    * Resource Group: group1 (disabled, maintenance):
      * rsc1	(ocf:pacemaker:Dummy):	 Started node1 (disabled, maintenance)
      * rsc2	(ocf:pacemaker:Dummy):	 Started node1 (disabled, maintenance)
    * Resource Group: group2:
      * rsc3	(ocf:pacemaker:Dummy):	 Started node2
      * rsc4	(ocf:pacemaker:Dummy):	 Started node2

Transition Summary:

Executing Cluster Transition:
  * Resource action: rsc1            cancel=10000 on node1
  * Resource action: rsc2            cancel=10000 on node1

Revised Cluster Status:
  * Node List:
    * Online: [ node1 node2 ]

  * Full List of Resources:
    * Resource Group: group1 (disabled, maintenance):
      * rsc1	(ocf:pacemaker:Dummy):	 Started node1 (disabled, maintenance)
      * rsc2	(ocf:pacemaker:Dummy):	 Started node1 (disabled, maintenance)
    * Resource Group: group2:
      * rsc3	(ocf:pacemaker:Dummy):	 Started node2
      * rsc4	(ocf:pacemaker:Dummy):	 Started node2
