Current cluster status:
  * Cluster Summary:

  * Node List:
    * Online: [ rhel7-node1.example.com rhel7-node2.example.com ]

  * Full List of Resources:
    * mpath-node2	(stonith:fence_mpath):	 Started rhel7-node2.example.com
    * mpath-node1	(stonith:fence_mpath):	 Stopped
    * ip1	(ocf:heartbeat:IPaddr2):	 Started rhel7-node2.example.com
    * ip2	(ocf:heartbeat:IPaddr2):	 Started rhel7-node2.example.com
    * Clone Set: jrummy-clone [jrummy]:
      * Started: [ rhel7-node2.example.com ]
      * Stopped: [ rhel7-node1.example.com ]

Transition Summary:
  * Fence (on) rhel7-node1.example.com 'required by mpath-node2 monitor'
  * Start      mpath-node1     (                            rhel7-node1.example.com )
  * Move       ip1             ( rhel7-node2.example.com -> rhel7-node1.example.com )
  * Start      jrummy:1        (                            rhel7-node1.example.com )

Executing Cluster Transition:

Revised Cluster Status:
  * Cluster Summary:

  * Node List:
    * Online: [ rhel7-node1.example.com rhel7-node2.example.com ]

  * Full List of Resources:
    * mpath-node2	(stonith:fence_mpath):	 Started rhel7-node2.example.com
    * mpath-node1	(stonith:fence_mpath):	 Stopped
    * ip1	(ocf:heartbeat:IPaddr2):	 Started rhel7-node2.example.com
    * ip2	(ocf:heartbeat:IPaddr2):	 Started rhel7-node2.example.com
    * Clone Set: jrummy-clone [jrummy]:
      * Started: [ rhel7-node2.example.com ]
      * Stopped: [ rhel7-node1.example.com ]
