Current cluster status:
  * Cluster Summary:

  * Node List:
    * Node sles-3: UNCLEAN (offline)
    * Online: [ sles-1 sles-2 sles-4 ]

  * Full List of Resources:
    * Resource Group: group-1:
      * r192.168.100.181	(ocf:heartbeat:IPaddr):	 Started sles-1
      * r192.168.100.182	(ocf:heartbeat:IPaddr):	 Started sles-1
      * r192.168.100.183	(ocf:heartbeat:IPaddr):	 Stopped
    * lsb_dummy	(lsb:/usr/lib64/heartbeat/cts/LSBDummy):	 Started sles-2
    * migrator	(ocf:heartbeat:Dummy):	 Started sles-3 (UNCLEAN)
    * rsc_sles-1	(ocf:heartbeat:IPaddr):	 Started sles-1
    * rsc_sles-2	(ocf:heartbeat:IPaddr):	 Started sles-2
    * rsc_sles-3	(ocf:heartbeat:IPaddr):	 Started sles-3 (UNCLEAN)
    * rsc_sles-4	(ocf:heartbeat:IPaddr):	 Started sles-4
    * Clone Set: DoFencing [child_DoFencing]:
      * child_DoFencing	(stonith:external/vmware):	 Started sles-3 (UNCLEAN)
      * Started: [ sles-1 sles-2 ]
      * Stopped: [ sles-4 ]
    * Clone Set: master_rsc_1 [ocf_msdummy] (promotable, unique):
      * ocf_msdummy:0	(ocf:heartbeat:Stateful):	 Stopped
      * ocf_msdummy:1	(ocf:heartbeat:Stateful):	 Stopped
      * ocf_msdummy:2	(ocf:heartbeat:Stateful):	 Unpromoted sles-3 (UNCLEAN)
      * ocf_msdummy:3	(ocf:heartbeat:Stateful):	 Stopped
      * ocf_msdummy:4	(ocf:heartbeat:Stateful):	 Stopped
      * ocf_msdummy:5	(ocf:heartbeat:Stateful):	 Unpromoted sles-3 (UNCLEAN)
      * ocf_msdummy:6	(ocf:heartbeat:Stateful):	 Stopped
      * ocf_msdummy:7	(ocf:heartbeat:Stateful):	 Stopped

Transition Summary:
  * Fence (reboot) sles-3 'peer is no longer part of the cluster'
  * Start      r192.168.100.183     (                      sles-1 )
  * Move       migrator             (            sles-3 -> sles-4 )
  * Move       rsc_sles-3           (            sles-3 -> sles-4 )
  * Move       child_DoFencing:2    (            sles-3 -> sles-4 )
  * Start      ocf_msdummy:0        (                      sles-4 )
  * Start      ocf_msdummy:1        (                      sles-1 )
  * Move       ocf_msdummy:2        ( sles-3 -> sles-2 Unpromoted )
  * Start      ocf_msdummy:3        (                      sles-4 )
  * Start      ocf_msdummy:4        (                      sles-1 )
  * Move       ocf_msdummy:5        ( sles-3 -> sles-2 Unpromoted )

Executing Cluster Transition:

Revised Cluster Status:
  * Cluster Summary:

  * Node List:
    * Node sles-3: UNCLEAN (offline)
    * Online: [ sles-1 sles-2 sles-4 ]

  * Full List of Resources:
    * Resource Group: group-1:
      * r192.168.100.181	(ocf:heartbeat:IPaddr):	 Started sles-1
      * r192.168.100.182	(ocf:heartbeat:IPaddr):	 Started sles-1
      * r192.168.100.183	(ocf:heartbeat:IPaddr):	 Stopped
    * lsb_dummy	(lsb:/usr/lib64/heartbeat/cts/LSBDummy):	 Started sles-2
    * migrator	(ocf:heartbeat:Dummy):	 Started sles-3 (UNCLEAN)
    * rsc_sles-1	(ocf:heartbeat:IPaddr):	 Started sles-1
    * rsc_sles-2	(ocf:heartbeat:IPaddr):	 Started sles-2
    * rsc_sles-3	(ocf:heartbeat:IPaddr):	 Started sles-3 (UNCLEAN)
    * rsc_sles-4	(ocf:heartbeat:IPaddr):	 Started sles-4
    * Clone Set: DoFencing [child_DoFencing]:
      * child_DoFencing	(stonith:external/vmware):	 Started sles-3 (UNCLEAN)
      * Started: [ sles-1 sles-2 ]
      * Stopped: [ sles-4 ]
    * Clone Set: master_rsc_1 [ocf_msdummy] (promotable, unique):
      * ocf_msdummy:0	(ocf:heartbeat:Stateful):	 Stopped
      * ocf_msdummy:1	(ocf:heartbeat:Stateful):	 Stopped
      * ocf_msdummy:2	(ocf:heartbeat:Stateful):	 Unpromoted sles-3 (UNCLEAN)
      * ocf_msdummy:3	(ocf:heartbeat:Stateful):	 Stopped
      * ocf_msdummy:4	(ocf:heartbeat:Stateful):	 Stopped
      * ocf_msdummy:5	(ocf:heartbeat:Stateful):	 Unpromoted sles-3 (UNCLEAN)
      * ocf_msdummy:6	(ocf:heartbeat:Stateful):	 Stopped
      * ocf_msdummy:7	(ocf:heartbeat:Stateful):	 Stopped
