2 of 5 resource instances DISABLED and 0 BLOCKED from further action due to failure

Current cluster status:
  * Cluster Summary:

  * Node List:
    * Online: [ hex-13 hex-14 ]

  * Full List of Resources:
    * fencing-sbd	(stonith:external/sbd):	 Stopped
    * Resource Group: g0 (disabled):
      * d0	(ocf:heartbeat:Dummy):	 Stopped (disabled)
      * d1	(ocf:heartbeat:Dummy):	 Stopped (disabled)
    * Clone Set: ms0 [s0] (promotable):
      * Stopped: [ hex-13 hex-14 ]

Transition Summary:
  * Start      fencing-sbd     ( hex-14 )
  * Start      s0:0            ( hex-13 )
  * Start      s0:1            ( hex-14 )

Executing Cluster Transition:

Revised Cluster Status:
  * Cluster Summary:

  * Node List:
    * Online: [ hex-13 hex-14 ]

  * Full List of Resources:
    * fencing-sbd	(stonith:external/sbd):	 Stopped
    * Resource Group: g0 (disabled):
      * d0	(ocf:heartbeat:Dummy):	 Stopped (disabled)
      * d1	(ocf:heartbeat:Dummy):	 Stopped (disabled)
    * Clone Set: ms0 [s0] (promotable):
      * Stopped: [ hex-13 hex-14 ]
