Using the original execution date of: 2020-11-12 21:28:08Z
Current cluster status:
  * Cluster Summary:

  * Node List:
    * Online: [ rhel7-1 rhel7-2 rhel7-3 rhel7-4 rhel7-5 ]

  * Full List of Resources:
    * Fencing	(stonith:fence_xvm):	 Stopped
    * rsc1	(ocf:pacemaker:Dummy):	 Stopped
    * rsc2	(ocf:pacemaker:Dummy):	 Stopped
    * invert-match	(ocf:pacemaker:Dummy):	 Stopped
    * single-rsc	(ocf:pacemaker:Dummy):	 Stopped
    * set-rsc1	(ocf:pacemaker:Dummy):	 Stopped
    * set-rsc2	(ocf:pacemaker:Dummy):	 Stopped
    * meta-rsc	(ocf:pacemaker:Dummy):	 Stopped
    * insane-rsc	(ocf:pacemaker:Dummy):	 Stopped

Transition Summary:
  * Start      Fencing          ( rhel7-1 )
  * Start      rsc1             ( rhel7-4 )
  * Start      rsc2             ( rhel7-5 )
  * Start      invert-match     ( rhel7-1 )
  * Start      single-rsc       ( rhel7-2 )
  * Start      set-rsc1         ( rhel7-3 )
  * Start      set-rsc2         ( rhel7-4 )
  * Start      meta-rsc         ( rhel7-5 )
  * Start      insane-rsc       ( rhel7-4 )

Executing Cluster Transition:
Using the original execution date of: 2020-11-12 21:28:08Z

Revised Cluster Status:
  * Cluster Summary:

  * Node List:
    * Online: [ rhel7-1 rhel7-2 rhel7-3 rhel7-4 rhel7-5 ]

  * Full List of Resources:
    * Fencing	(stonith:fence_xvm):	 Stopped
    * rsc1	(ocf:pacemaker:Dummy):	 Stopped
    * rsc2	(ocf:pacemaker:Dummy):	 Stopped
    * invert-match	(ocf:pacemaker:Dummy):	 Stopped
    * single-rsc	(ocf:pacemaker:Dummy):	 Stopped
    * set-rsc1	(ocf:pacemaker:Dummy):	 Stopped
    * set-rsc2	(ocf:pacemaker:Dummy):	 Stopped
    * meta-rsc	(ocf:pacemaker:Dummy):	 Stopped
    * insane-rsc	(ocf:pacemaker:Dummy):	 Stopped
