Current cluster status:
  * Cluster Summary:

  * Node List:
    * Online: [ 18node1 18node2 18node3 ]
    * GuestOnline: [ lxc1 lxc2 ]

  * Full List of Resources:
    * container1	(ocf:heartbeat:VirtualDomain):	 Stopped
    * container2	(ocf:heartbeat:VirtualDomain):	 Started 18node2
    * shoot1	(stonith:fence_xvm):	 Started 18node3
    * Clone Set: M-clone [M]:
      * Started: [ 18node1 18node2 18node3 lxc2 ]
      * Stopped: [ lxc1 ]
    * A	(ocf:pacemaker:Dummy):	 Started 18node1
    * B	(ocf:pacemaker:Dummy):	 Started lxc2
    * C	(ocf:pacemaker:Dummy):	 Started lxc2
    * D	(ocf:pacemaker:Dummy):	 Started 18node1

Transition Summary:
  * Start      container1     (         18node1 )
  * Start      M:4            (            lxc1 )
  * Move       A              ( 18node1 -> lxc1 )
  * Move       B              ( lxc2 -> 18node3 )
  * Start      lxc1           (         18node1 )

Executing Cluster Transition:

Revised Cluster Status:
  * Cluster Summary:

  * Node List:
    * Online: [ 18node1 18node2 18node3 ]
    * GuestOnline: [ lxc1 lxc2 ]

  * Full List of Resources:
    * container1	(ocf:heartbeat:VirtualDomain):	 Stopped
    * container2	(ocf:heartbeat:VirtualDomain):	 Started 18node2
    * shoot1	(stonith:fence_xvm):	 Started 18node3
    * Clone Set: M-clone [M]:
      * Started: [ 18node1 18node2 18node3 lxc2 ]
      * Stopped: [ lxc1 ]
    * A	(ocf:pacemaker:Dummy):	 Started 18node1
    * B	(ocf:pacemaker:Dummy):	 Started lxc2
    * C	(ocf:pacemaker:Dummy):	 Started lxc2
    * D	(ocf:pacemaker:Dummy):	 Started 18node1
